02-24 01:45:34.252   834   882 I WindowManager: Gaining focus: Window{36c34218 u0 com.android.email/com.android.email.activity.setup.AccountSetupSelectActivity}
02-24 01:45:34.339   322   322 I thermal_repeater: oh, queryMdThermalInfo (0)Bad file number
02-24 01:45:34.347   322   322 I thermal_repeater: [recvMdThermalInfo] ret=29, strLen=127,  2, 32767, -127, -1, 32767, 2
02-24 01:45:34.546   834   882 D ActivityManager: ACT-IDLE_NOW_MSG from windowsVisible() for idle: ActivityRecord{3ad24a05 u0 com.android.email/.activity.setup.AccountSetupSelectActivity t375}
02-24 01:45:35.234   834  1638 I ActivityManager: START u0 {cmp=com.android.email/.activity.setup.OAuthAuthenticationActivity (has extras)} from uid 10008 on display 0 from pid 4415
02-24 01:45:35.259   834  1638 V WindowManager: addAppToken: AppWindowToken{30959075 token=Token{1da20bac ActivityRecord{569255f u0 com.android.email/.activity.setup.OAuthAuthenticationActivity t375}}} to stack=1 task=375 at 2
02-24 01:45:35.261   834  1638 D BatteryStatsImpl: app: 10008 paused
02-24 01:45:35.269   834  1638 V WindowManager: Changing focus from Window{36c34218 u0 com.android.email/com.android.email.activity.setup.AccountSetupSelectActivity} to null Callers=com.android.server.wm.WindowManagerService.setFocusedApp:4600 com.android.server.am.ActivityManagerService.setFocusedActivityLocked:2957 com.android.server.am.ActivityStackSupervisor.startActivityUncheckedLocked:2573 com.android.server.am.ActivityStackSupervisor.startActivityLocked:1727 
02-24 01:45:35.271   834   882 I WindowManager: Losing focus: Window{36c34218 u0 com.android.email/com.android.email.activity.setup.AccountSetupSelectActivity}
02-24 01:45:35.305   834  1547 D BatteryStatsImpl: app: 10008 resumed
02-24 01:45:35.417   834  1616 V WindowManager: Adding window Window{e24b87b u0 com.android.email/com.android.email.activity.setup.OAuthAuthenticationActivity} at 63 of 68 (after Window{36c34218 u0 com.android.email/com.android.email.activity.setup.AccountSetupSelectActivity})
02-24 01:45:35.436   834  1088 V WindowManager: Changing focus from null to Window{e24b87b u0 com.android.email/com.android.email.activity.setup.OAuthAuthenticationActivity} Callers=com.android.server.wm.WindowManagerService.relayoutWindow:3705 com.android.server.wm.Session.relayout:203 android.view.IWindowSession$Stub.onTransact:273 com.android.server.wm.Session.onTransact:136 
02-24 01:45:35.451   834   882 I WindowManager: Gaining focus: Window{e24b87b u0 com.android.email/com.android.email.activity.setup.OAuthAuthenticationActivity}
02-24 01:45:35.658   298   768 D SocketClient: SocketClient sendData done: 
02-24 01:45:35.659   298   768 D SocketClient: SocketClient sendData done: 
02-24 01:45:35.659   298   765 D FrameworkListener: dispatchCommand data = (getaddrinfo login.live.com ^ 1024 2 1 0 0)
02-24 01:45:35.738   834   882 D ActivityManager: ACT-IDLE_NOW_MSG from windowsVisible() for idle: ActivityRecord{569255f u0 com.android.email/.activity.setup.OAuthAuthenticationActivity t375}
02-24 01:45:36.068   834  1456 D PowerManagerService:  mFlags=1 mTag = ActionService PackageName = 'com.meizu.backup' (uid=10017, pid=7783, ws=null)
02-24 01:45:36.068   834  1456 D PowerManagerService:  mFlags=1 mTag = AudioMix PackageName = 'media' (uid=1013, pid=303, ws=null)
02-24 01:45:36.069   834   853 D CSLegacyTypeTracker: getNetworkForType type 0
02-24 01:45:36.069   834   853 D CSLegacyTypeTracker: getNetworkForType type 1
02-24 01:45:36.069   834   853 D CSLegacyTypeTracker: getNetworkForType type 2
02-24 01:45:36.069   834   853 D CSLegacyTypeTracker: getNetworkForType type 3
02-24 01:45:36.069   834   853 D CSLegacyTypeTracker: getNetworkForType type 4
02-24 01:45:36.069   834   853 D CSLegacyTypeTracker: getNetworkForType type 5
02-24 01:45:36.069   834   853 D CSLegacyTypeTracker: getNetworkForType type 7
02-24 01:45:36.069   834   853 D CSLegacyTypeTracker: getNetworkForType type 10
02-24 01:45:36.069   834   853 D CSLegacyTypeTracker: getNetworkForType type 11
02-24 01:45:36.069   834   853 D CSLegacyTypeTracker: getNetworkForType type 12
02-24 01:45:36.069   834   853 D CSLegacyTypeTracker: getNetworkForType type 14
02-24 01:45:36.069   834   853 D CSLegacyTypeTracker: getNetworkForType type 15
02-24 01:45:36.069   834   853 D CSLegacyTypeTracker: getNetworkForType type 17
02-24 01:45:36.069   834   853 D CSLegacyTypeTracker: getNetworkForType type 34
02-24 01:45:36.069   834   853 D CSLegacyTypeTracker: getNetworkForType type 35
02-24 01:45:36.069   834   853 D CSLegacyTypeTracker: getNetworkForType type 36
02-24 01:45:36.069   834   853 D CSLegacyTypeTracker: getNetworkForType type 37
02-24 01:45:36.069   834   853 D CSLegacyTypeTracker: getNetworkForType type 38
02-24 01:45:36.069   834   853 D CSLegacyTypeTracker: getNetworkForType type 40
02-24 01:45:36.069   834   853 D CSLegacyTypeTracker: getNetworkForType type 41
02-24 01:45:36.069   834   853 D CSLegacyTypeTracker: getNetworkForType type 49
02-24 01:45:38.838   834  1569 D BatteryStatsImpl: app: 10008 paused
02-24 01:45:38.843   834  1664 D BatteryStatsImpl: app: 10008 resumed
02-24 01:45:38.866   834  1616 V WindowManager: Changing focus from Window{e24b87b u0 com.android.email/com.android.email.activity.setup.OAuthAuthenticationActivity} to Window{36c34218 u0 com.android.email/com.android.email.activity.setup.AccountSetupSelectActivity} Callers=com.android.server.wm.WindowManagerService.relayoutWindow:3705 com.android.server.wm.Session.relayout:203 android.view.IWindowSession$Stub.onTransact:273 com.android.server.wm.Session.onTransact:136 
02-24 01:45:38.871   834   882 I WindowManager: Gaining focus: Window{36c34218 u0 com.android.email/com.android.email.activity.setup.AccountSetupSelectActivity}
02-24 01:45:39.158   834   882 D ActivityManager: ACT-IDLE_NOW_MSG from windowsVisible() for idle: ActivityRecord{3ad24a05 u0 com.android.email/.activity.setup.AccountSetupSelectActivity t375}
02-24 01:45:39.349   322   322 I thermal_repeater: oh, queryMdThermalInfo (0)Bad file number
02-24 01:45:39.357   322   322 I thermal_repeater: [recvMdThermalInfo] ret=29, strLen=127,  2, 32767, -127, -1, 32767, 2
02-24 01:45:39.850   834  1594 I ActivityManager: START u0 {cmp=com.android.email/.activity.setup.OAuthAuthenticationActivity (has extras)} from uid 10008 on display 0 from pid 4415
02-24 01:45:39.864   834  1594 V WindowManager: addAppToken: AppWindowToken{3e6d7eae token=Token{30b25b29 ActivityRecord{2b2540b0 u0 com.android.email/.activity.setup.OAuthAuthenticationActivity t375}}} to stack=1 task=375 at 2
02-24 01:45:39.864   834  1594 D BatteryStatsImpl: app: 10008 paused
02-24 01:45:39.869   834  1594 V WindowManager: Changing focus from Window{36c34218 u0 com.android.email/com.android.email.activity.setup.AccountSetupSelectActivity} to null Callers=com.android.server.wm.WindowManagerService.setFocusedApp:4600 com.android.server.am.ActivityManagerService.setFocusedActivityLocked:2957 com.android.server.am.ActivityStackSupervisor.startActivityUncheckedLocked:2573 com.android.server.am.ActivityStackSupervisor.startActivityLocked:1727 
02-24 01:45:39.872   834   882 I WindowManager: Losing focus: Window{36c34218 u0 com.android.email/com.android.email.activity.setup.AccountSetupSelectActivity}
02-24 01:45:39.880   834  1547 D BatteryStatsImpl: app: 10008 resumed
02-24 01:45:39.929   834  1525 V WindowManager: Adding window Window{1315b7dc u0 com.android.email/com.android.email.activity.setup.OAuthAuthenticationActivity} at 63 of 68 (after Window{36c34218 u0 com.android.email/com.android.email.activity.setup.AccountSetupSelectActivity})
02-24 01:45:39.942   834  1593 V WindowManager: Changing focus from null to Window{1315b7dc u0 com.android.email/com.android.email.activity.setup.OAuthAuthenticationActivity} Callers=com.android.server.wm.WindowManagerService.relayoutWindow:3705 com.android.server.wm.Session.relayout:203 android.view.IWindowSession$Stub.onTransact:273 com.android.server.wm.Session.onTransact:136 
02-24 01:45:39.958   834   882 I WindowManager: Gaining focus: Window{1315b7dc u0 com.android.email/com.android.email.activity.setup.OAuthAuthenticationActivity}
02-24 01:45:40.025   298   768 D SocketClient: SocketClient sendData done: 
02-24 01:45:40.025   298   768 D SocketClient: SocketClient sendData done: 
02-24 01:45:40.026   298   765 D FrameworkListener: dispatchCommand data = (getaddrinfo accounts.google.com ^ 1024 2 1 0 0)
02-24 01:45:40.150   298   768 D SocketClient: SocketClient sendData done: 
02-24 01:45:40.150   298   768 D SocketClient: SocketClient sendData done: 
02-24 01:45:40.150   298   765 D FrameworkListener: dispatchCommand data = (getaddrinfo accounts.google.com ^ 1024 2 1 0 0)
02-24 01:45:40.245   834   882 D ActivityManager: ACT-IDLE_NOW_MSG from windowsVisible() for idle: ActivityRecord{2b2540b0 u0 com.android.email/.activity.setup.OAuthAuthenticationActivity t375}
02-24 01:45:40.581   834   880 V ActivityManager: Broadcast: Intent { act=android.intent.action.CLOSE_SYSTEM_DIALOGS flg=0x50000010 (has extras) } ordered=false userid=-1 callerApp=null
02-24 01:45:40.605   834   880 I ActivityManager: START u0 {act=android.intent.action.MAIN cat=[android.intent.category.HOME] flg=0x10200000 cmp=com.meizu.flyme.launcher/.Launcher} from uid 1000 on display 0 from pid 834
02-24 01:45:40.679   834   880 D BatteryStatsImpl: app: 10008 paused
02-24 01:45:40.687   834  1593 D BatteryStatsImpl: app: 10010 resumed
02-24 01:45:40.691   834  1593 V WindowManager: Changing focus from Window{1315b7dc u0 com.android.email/com.android.email.activity.setup.OAuthAuthenticationActivity} to null Callers=com.android.server.wm.WindowManagerService.setFocusedApp:4600 com.android.server.am.ActivityManagerService.setFocusedActivityLocked:2957 com.android.server.am.ActivityStack.completeResumeLocked:1237 com.android.server.am.ActivityStack.resumeTopActivityInnerLocked:2315 
02-24 01:45:40.703   834   882 I WindowManager: Losing focus: Window{1315b7dc u0 com.android.email/com.android.email.activity.setup.OAuthAuthenticationActivity}
02-24 01:45:40.724   834   877 D NetworkPolicy: rule3gBackgroundChanged 10010 false
02-24 01:45:40.724   834   877 D NetworkPolicy: ruleWifiBackgroundChanged 10010 false
02-24 01:45:40.724   834   877 V NetworkStats: setKernelCounterSet uid=10010 set=1
02-24 01:45:40.724   834   966 D ConnectivityService: onUidRulesChanged(uid=10010, uidRules=0)
02-24 01:45:40.754   834  1616 V WindowManager: Changing focus from null to Window{3afbfe52 u0 com.meizu.flyme.launcher/com.meizu.flyme.launcher.Launcher} Callers=com.android.server.wm.WindowManagerService.relayoutWindow:3705 com.android.server.wm.Session.relayout:203 android.view.IWindowSession$Stub.onTransact:273 com.android.server.wm.Session.onTransact:136 
02-24 01:45:40.761   834   882 I WindowManager: Gaining focus: Window{3afbfe52 u0 com.meizu.flyme.launcher/com.meizu.flyme.launcher.Launcher}
02-24 01:45:40.916   834  1088 I ActivityManager: START u0 {act=android.intent.action.MAIN cat=[android.intent.category.LAUNCHER] flg=0x10200000 cmp=com.android.mms/.ui.ConversationList bnds=[540,1626][798,1920]} from uid 10010 on display 0 from pid 29763
02-24 01:45:40.953   834  1088 D BatteryStatsImpl: app: 10010 paused
02-24 01:45:41.191   834   882 V WindowManager: Based on layer: Adding window Window{b718c36 u0 Starting com.android.dialer} at 64 of 69
02-24 01:45:41.307   834   853 I ActivityManager: Start proc 6331:com.android.dialer/u0a6 for activity com.android.dialer/com.android.contacts.quickcontact.QuickContactActivity
02-24 01:45:41.317   834   877 D NetworkPolicy: rule3gBackgroundChanged 10008 false
02-24 01:45:41.317   834   877 D NetworkPolicy: ruleWifiBackgroundChanged 10008 false
02-24 01:45:41.319   834   877 V NetworkStats: setKernelCounterSet uid=10008 set=0
02-24 01:45:41.319   834   966 D ConnectivityService: onUidRulesChanged(uid=10008, uidRules=0)
02-24 01:45:41.323   834   854 D PowerManagerService:  mFlags=1 mTag = ActionService PackageName = 'com.meizu.backup' (uid=10017, pid=7783, ws=null)
02-24 01:45:41.323   834   854 D PowerManagerService:  mFlags=1 mTag = AudioMix PackageName = 'media' (uid=1013, pid=303, ws=null)
02-24 01:45:41.323   834   854 D PowerManagerService:  mFlags=1 mTag = ActivityManager-Launch PackageName = 'android' (uid=1000, pid=834, ws=null)
02-24 01:45:41.324   834  1638 D CSLegacyTypeTracker: getNetworkForType type 0
02-24 01:45:41.324   834  1638 D CSLegacyTypeTracker: getNetworkForType type 1
02-24 01:45:41.324   834  1638 D CSLegacyTypeTracker: getNetworkForType type 2
02-24 01:45:41.324   834  1638 D CSLegacyTypeTracker: getNetworkForType type 3
02-24 01:45:41.324   834  1638 D CSLegacyTypeTracker: getNetworkForType type 4
02-24 01:45:41.324   834  1638 D CSLegacyTypeTracker: getNetworkForType type 5
02-24 01:45:41.324   834  1638 D CSLegacyTypeTracker: getNetworkForType type 7
02-24 01:45:41.324   834  1638 D CSLegacyTypeTracker: getNetworkForType type 10
02-24 01:45:41.324   834  1638 D CSLegacyTypeTracker: getNetworkForType type 11
02-24 01:45:41.324   834  1638 D CSLegacyTypeTracker: getNetworkForType type 12
02-24 01:45:41.324   834  1638 D CSLegacyTypeTracker: getNetworkForType type 14
02-24 01:45:41.324   834  1638 D CSLegacyTypeTracker: getNetworkForType type 15
02-24 01:45:41.324   834  1638 D CSLegacyTypeTracker: getNetworkForType type 17
02-24 01:45:41.324   834  1638 D CSLegacyTypeTracker: getNetworkForType type 34
02-24 01:45:41.325   834  1638 D CSLegacyTypeTracker: getNetworkForType type 35
02-24 01:45:41.325   834  1638 D CSLegacyTypeTracker: getNetworkForType type 36
02-24 01:45:41.325   834  1638 D CSLegacyTypeTracker: getNetworkForType type 37
02-24 01:45:41.325   834  1638 D CSLegacyTypeTracker: getNetworkForType type 38
02-24 01:45:41.325   834  1638 D CSLegacyTypeTracker: getNetworkForType type 40
02-24 01:45:41.325   834  1638 D CSLegacyTypeTracker: getNetworkForType type 41
02-24 01:45:41.325   834  1638 D CSLegacyTypeTracker: getNetworkForType type 49
02-24 01:45:41.415   834  1616 D BatteryStatsImpl: app: 10006 resumed
02-24 01:45:41.449   834  1616 V WindowManager: Changing focus from Window{3afbfe52 u0 com.meizu.flyme.launcher/com.meizu.flyme.launcher.Launcher} to null Callers=com.android.server.wm.WindowManagerService.setFocusedApp:4600 com.android.server.am.ActivityManagerService.setFocusedActivityLocked:2957 com.android.server.am.ActivityStack.completeResumeLocked:1237 com.android.server.am.ActivityStack.minimalResumeActivityLocked:711 
02-24 01:45:41.452   834   877 D NetworkPolicy: rule3gBackgroundChanged 10006 false
02-24 01:45:41.452   834   877 D NetworkPolicy: ruleWifiBackgroundChanged 10006 false
02-24 01:45:41.452   834   877 V NetworkStats: setKernelCounterSet uid=10006 set=1
02-24 01:45:41.453   834   966 D ConnectivityService: onUidRulesChanged(uid=10006, uidRules=0)
02-24 01:45:41.453   834   877 D NetworkPolicy: rule3gBackgroundChanged 10010 false
02-24 01:45:41.453   834   877 D NetworkPolicy: ruleWifiBackgroundChanged 10010 false
02-24 01:45:41.453   834   877 V NetworkStats: setKernelCounterSet uid=10010 set=0
02-24 01:45:41.453   834   966 D ConnectivityService: onUidRulesChanged(uid=10010, uidRules=0)
02-24 01:45:41.457   834  1547 D ActivityManager: getContentProviderImpl: from caller=android.app.ApplicationThreadProxy@1fd55737 (pid=6331, userId=0) to get content provider settings cpr=ContentProviderRecord{3012fd94 u0 com.android.providers.settings/.SettingsProvider}
02-24 01:45:41.457   834  1547 D ActivityManager: getContentProviderImpl: updateLruProcessLocked cpr.proc=ProcessRecord{24a34eb6 834:system/1000}
02-24 01:45:41.487   834   882 I WindowManager: Losing focus: Window{3afbfe52 u0 com.meizu.flyme.launcher/com.meizu.flyme.launcher.Launcher EXITING}
02-24 01:45:41.896   834   853 W InputManager: Input event injection from pid 4884 failed.
02-24 01:45:41.897   834  1594 W InputManager: Input event injection from pid 4884 failed.
02-24 01:45:42.115   834  1592 D ActivityManager: bindServiceLocked : uid = 10006, flags = 1, restartDirectly = false, s : ServiceRecord{211f62f u0 com.android.dialer/com.android.contacts.mspace.MspaceContactsService}
02-24 01:45:42.400   834  1616 W InputManager: Input event injection from pid 4884 failed.
02-24 01:45:42.401   834   854 W InputManager: Input event injection from pid 4884 failed.
02-24 01:45:42.585   834  1664 D ActivityManager: getContentProviderImpl: from caller=android.app.ApplicationThreadProxy@19d1c64b (pid=6331, userId=0) to get content provider com.android.contacts cpr=null
02-24 01:45:42.622   834  1616 D VoldConnector: SND -> {3540 volume mkdirs /storage/sdcard1/Android/data/com.android.dialer/files/}
02-24 01:45:42.622   274   832 D FrameworkListener: dispatchCommand data = (3540 volume mkdirs /storage/sdcard1/Android/data/com.android.dialer/files/)
02-24 01:45:42.622   274   832 D VoldCmdListener: volume mkdirs /storage/sdcard1/Android/data/com.android.dialer/files/
02-24 01:45:42.622   274   832 E Vold    : Failed to find mounted volume for /storage/sdcard1/Android/data/com.android.dialer/files/
02-24 01:45:42.622   274   832 W Vold    : Returning OperationFailed - no handler for errno 0
02-24 01:45:42.622   274   832 D SocketClient: SocketClient sendData done: 400 3540 volume operation failed (Success)
02-24 01:45:42.623   834   957 D VoldConnector: RCV <- {400 3540 volume operation failed (Success)}
02-24 01:45:42.623   834  1616 D VoldConnector: RMV <- {400 3540 volume operation failed (Success)}
02-24 01:45:42.630   834  1664 I ActivityManager: Start proc 6367:android.process.acore/u0a4 for content provider com.android.providers.contacts/.ContactsProvider2
02-24 01:45:42.631   834  1393 D ActivityManager: getContentProviderImpl: from caller=android.app.ApplicationThreadProxy@11be7828 (pid=6331, userId=0) to get content provider com.android.soundrecorder.provider cpr=null
02-24 01:45:42.676   834  1393 I ActivityManager: Start proc 6388:com.android.soundrecorder/u0a23 for content provider com.android.soundrecorder/.FileInfoContentProvider
02-24 01:45:42.679   834   877 D NetworkPolicy: rule3gBackgroundChanged 10004 false
02-24 01:45:42.679   834   877 D NetworkPolicy: ruleWifiBackgroundChanged 10004 false
02-24 01:45:42.680   834   877 V NetworkStats: setKernelCounterSet uid=10004 set=1
02-24 01:45:42.680   834   966 D ConnectivityService: onUidRulesChanged(uid=10004, uidRules=0)
02-24 01:45:42.683   834   969 D ActivityManager: getContentProviderImpl: from caller=android.app.ApplicationThreadProxy@39979372 (pid=6367, userId=0) to get content provider settings cpr=ContentProviderRecord{3012fd94 u0 com.android.providers.settings/.SettingsProvider}
02-24 01:45:42.683   834   969 D ActivityManager: getContentProviderImpl: updateLruProcessLocked cpr.proc=ProcessRecord{24a34eb6 834:system/1000}
02-24 01:45:42.706   834   877 D NetworkPolicy: rule3gBackgroundChanged 10023 false
02-24 01:45:42.706   834   877 D NetworkPolicy: ruleWifiBackgroundChanged 10023 false
02-24 01:45:42.706   834   877 V NetworkStats: setKernelCounterSet uid=10023 set=1
02-24 01:45:42.706   834   966 D ConnectivityService: onUidRulesChanged(uid=10023, uidRules=0)
02-24 01:45:42.709   834  9692 D ActivityManager: getContentProviderImpl: from caller=android.app.ApplicationThreadProxy@30a2b3c3 (pid=6388, userId=0) to get content provider settings cpr=ContentProviderRecord{3012fd94 u0 com.android.providers.settings/.SettingsProvider}
02-24 01:45:42.709   834  9692 D ActivityManager: getContentProviderImpl: updateLruProcessLocked cpr.proc=ProcessRecord{24a34eb6 834:system/1000}
02-24 01:45:42.714   834  1594 V WindowManager: Adding window Window{2e211f79 u0 com.android.dialer/com.android.contacts.quickcontact.QuickContactActivity} at 64 of 70 (before Window{b718c36 u0 Starting com.android.dialer})
02-24 01:45:42.864   834  1088 V WindowManager: Changing focus from null to Window{2e211f79 u0 com.android.dialer/com.android.contacts.quickcontact.QuickContactActivity} Callers=com.android.server.wm.WindowManagerService.relayoutWindow:3705 com.android.server.wm.Session.relayout:203 android.view.IWindowSession$Stub.onTransact:273 com.android.server.wm.Session.onTransact:136 
02-24 01:45:42.881   834   882 I WindowManager: Gaining focus: Window{2e211f79 u0 com.android.dialer/com.android.contacts.quickcontact.QuickContactActivity}
02-24 01:45:43.040   834   877 D NetworkPolicy: rule3gBackgroundChanged 10023 false
02-24 01:45:43.040   834   877 D NetworkPolicy: ruleWifiBackgroundChanged 10023 false
02-24 01:45:43.040   834   877 V NetworkStats: setKernelCounterSet uid=10023 set=0
02-24 01:45:43.040   834   966 D ConnectivityService: onUidRulesChanged(uid=10023, uidRules=0)
02-24 01:45:43.084   834  1638 V CountryDetector:     mcc=
02-24 01:45:43.086   834  1638 V CountryDetector:     phonetype=1
02-24 01:45:43.089   834  1525 D CountryDetector: The first listener is added
02-24 01:45:43.103   834   876 D CountryDetector: startLocationBasedDetection=true detectCountry=(source: 1, countryISO: CN) isAirplaneModeOff()=true mListener=null isGeoCoderImplemnted()=true
02-24 01:45:43.103   834   876 D CountryDetector: start periodic location refresh timer. Interval: 86400000
02-24 01:45:43.203   834   876 V CountryDetector:     mcc=
02-24 01:45:43.204   834   876 V CountryDetector:     phonetype=1
02-24 01:45:43.205   834   876 D CountryDetector: startLocationBasedDetection=true detectCountry=(source: 1, countryISO: CN) isAirplaneModeOff()=true mListener=com.android.server.CountryDetectorService$1@1311d7f2 isGeoCoderImplemnted()=true
02-24 01:45:43.261   834  1393 D ActivityManager: getContentProviderImpl: from caller=null (pid=834, userId=0) to get content provider com.android.contacts cpr=ContentProviderRecord{17e6380f u0 com.android.providers.contacts/.ContactsProvider2}
02-24 01:45:43.264   834   877 D NetworkPolicy: rule3gBackgroundChanged 10004 false
02-24 01:45:43.264   834   877 D NetworkPolicy: ruleWifiBackgroundChanged 10004 false
02-24 01:45:43.265   834   877 V NetworkStats: setKernelCounterSet uid=10004 set=0
02-24 01:45:43.265   834   966 D ConnectivityService: onUidRulesChanged(uid=10004, uidRules=0)
02-24 01:45:43.268   834   854 D ActivityManager: getContentProviderImpl: from caller=android.app.ApplicationThreadProxy@3cb4a09c (pid=6331, userId=0) to get content provider com.android.contacts cpr=ContentProviderRecord{17e6380f u0 com.android.providers.contacts/.ContactsProvider2}
02-24 01:45:43.269   834   854 D ActivityManager: getContentProviderImpl: updateLruProcessLocked cpr.proc=ProcessRecord{36801aa5 6367:android.process.acore/u0a4}
02-24 01:45:43.271   834   877 D NetworkPolicy: rule3gBackgroundChanged 10004 false
02-24 01:45:43.271   834   877 D NetworkPolicy: ruleWifiBackgroundChanged 10004 false
02-24 01:45:43.271   834   877 V NetworkStats: setKernelCounterSet uid=10004 set=1
02-24 01:45:43.271   834   966 D ConnectivityService: onUidRulesChanged(uid=10004, uidRules=0)
02-24 01:45:43.282   834  1547 D ActivityManager: getContentProviderImpl: from caller=android.app.ApplicationThreadProxy@3d47ce7a (pid=6331, userId=0) to get content provider com.android.contacts cpr=ContentProviderRecord{17e6380f u0 com.android.providers.contacts/.ContactsProvider2}
02-24 01:45:43.282   834  1547 D ActivityManager: getContentProviderImpl: updateLruProcessLocked cpr.proc=ProcessRecord{36801aa5 6367:android.process.acore/u0a4}
02-24 01:45:43.296   834  1664 D ActivityManager: getContentProviderImpl: from caller=android.app.ApplicationThreadProxy@24d8462b (pid=6331, userId=0) to get content provider com.android.contacts cpr=ContentProviderRecord{17e6380f u0 com.android.providers.contacts/.ContactsProvider2}
02-24 01:45:43.297   834  1664 D ActivityManager: getContentProviderImpl: updateLruProcessLocked cpr.proc=ProcessRecord{36801aa5 6367:android.process.acore/u0a4}
02-24 01:45:43.318   834  1547 D ActivityManager: getContentProviderImpl: from caller=android.app.ApplicationThreadProxy@5b92a88 (pid=6331, userId=0) to get content provider com.android.contacts cpr=ContentProviderRecord{17e6380f u0 com.android.providers.contacts/.ContactsProvider2}
02-24 01:45:43.318   834  1547 D ActivityManager: getContentProviderImpl: updateLruProcessLocked cpr.proc=ProcessRecord{36801aa5 6367:android.process.acore/u0a4}
02-24 01:45:43.346   834  1638 D ActivityManager: getContentProviderImpl: from caller=android.app.ApplicationThreadProxy@7fcbc21 (pid=6331, userId=0) to get content provider com.android.contacts cpr=ContentProviderRecord{17e6380f u0 com.android.providers.contacts/.ContactsProvider2}
02-24 01:45:43.346   834  1638 D ActivityManager: getContentProviderImpl: updateLruProcessLocked cpr.proc=ProcessRecord{36801aa5 6367:android.process.acore/u0a4}
02-24 01:45:43.361   834   877 D NetworkPolicy: rule3gBackgroundChanged 10004 false
02-24 01:45:43.361   834   877 D NetworkPolicy: ruleWifiBackgroundChanged 10004 false
02-24 01:45:43.361   834   877 V NetworkStats: setKernelCounterSet uid=10004 set=0
02-24 01:45:43.361   834   966 D ConnectivityService: onUidRulesChanged(uid=10004, uidRules=0)
02-24 01:45:43.723   834   969 D ActivityManager: getContentProviderImpl: from caller=android.app.ApplicationThreadProxy@16cb42ff (pid=6331, userId=0) to get content provider com.meizu.netcontactservice.geofiles.directory cpr=null
02-24 01:45:43.724  6331  6446 E ActivityThread: Failed to find provider info for com.meizu.netcontactservice.geofiles.directory
02-24 01:45:43.778   834  1592 D ActivityManager: getContentProviderImpl: from caller=android.app.ApplicationThreadProxy@332f68cc (pid=6331, userId=0) to get content provider com.android.contacts cpr=ContentProviderRecord{17e6380f u0 com.android.providers.contacts/.ContactsProvider2}
02-24 01:45:43.778   834  1592 D ActivityManager: getContentProviderImpl: updateLruProcessLocked cpr.proc=ProcessRecord{36801aa5 6367:android.process.acore/u0a4}
02-24 01:45:43.781   834   877 D NetworkPolicy: rule3gBackgroundChanged 10004 false
02-24 01:45:43.781   834   877 D NetworkPolicy: ruleWifiBackgroundChanged 10004 false
02-24 01:45:43.781   834   877 V NetworkStats: setKernelCounterSet uid=10004 set=1
02-24 01:45:43.781   834   966 D ConnectivityService: onUidRulesChanged(uid=10004, uidRules=0)
02-24 01:45:43.832   834   969 D ActivityManager: getContentProviderImpl: from caller=null (pid=834, userId=0) to get content provider com.android.calendar cpr=ContentProviderRecord{12bdad03 u0 com.android.providers.calendar/.CalendarProvider2}
02-24 01:45:43.883   834  1547 D ActivityManager: getContentProviderImpl: from caller=android.app.ApplicationThreadProxy@1e5045b8 (pid=6331, userId=0) to get content provider com.meizu.netcontactservice.geofiles.directory cpr=null
02-24 01:45:43.884  6331  6446 E ActivityThread: Failed to find provider info for com.meizu.netcontactservice.geofiles.directory
02-24 01:45:43.913   834  1456 D ActivityManager: getContentProviderImpl: from caller=android.app.ApplicationThreadProxy@1bbef91 (pid=6331, userId=0) to get content provider media cpr=ContentProviderRecord{1b8b72bf u0 com.android.providers.media/.MediaProvider}
02-24 01:45:43.913   834  1456 D ActivityManager: getContentProviderImpl: updateLruProcessLocked cpr.proc=ProcessRecord{28b66947 5176:android.process.media/u0a7}
02-24 01:45:43.917   834   877 D NetworkPolicy: rule3gBackgroundChanged 10007 false
02-24 01:45:43.917   834   877 D NetworkPolicy: ruleWifiBackgroundChanged 10007 false
02-24 01:45:43.917   834   877 V NetworkStats: setKernelCounterSet uid=10007 set=1
02-24 01:45:43.917   834   966 D ConnectivityService: onUidRulesChanged(uid=10007, uidRules=0)
02-24 01:45:43.923   834  1593 W ActivityManager: getRunningAppProcesses: caller 10007 is using old GET_TASKS but privileged; allowing
02-24 01:45:43.970   834  1664 I ActivityManager: START u0 {cmp=com.android.dialer/com.android.contacts.quickcontact.QuickContactPhotoDetailActivity (has extras)} from uid 10006 on display 0 from pid 6331
02-24 01:45:43.979   834  1664 V WindowManager: addAppToken: AppWindowToken{1ea00564 token=Token{13d092f7 ActivityRecord{1b295ef6 u0 com.android.dialer/com.android.contacts.quickcontact.QuickContactPhotoDetailActivity t54}}} to stack=1 task=54 at 3
02-24 01:45:43.979   834  1664 D BatteryStatsImpl: app: 10006 paused
02-24 01:45:43.994   834  1664 V WindowManager: Changing focus from Window{2e211f79 u0 com.android.dialer/com.android.contacts.quickcontact.QuickContactActivity} to null Callers=com.android.server.wm.WindowManagerService.setFocusedApp:4600 com.android.server.am.ActivityManagerService.setFocusedActivityLocked:2957 com.android.server.am.ActivityStackSupervisor.startActivityUncheckedLocked:2573 com.android.server.am.ActivityStackSupervisor.startActivityLocked:1727 
02-24 01:45:43.996   834   882 I WindowManager: Losing focus: Window{2e211f79 u0 com.android.dialer/com.android.contacts.quickcontact.QuickContactActivity}
02-24 01:45:44.063   834   877 D NetworkPolicy: rule3gBackgroundChanged 10007 false
02-24 01:45:44.063   834   877 D NetworkPolicy: ruleWifiBackgroundChanged 10007 false
02-24 01:45:44.063   834   877 V NetworkStats: setKernelCounterSet uid=10007 set=0
02-24 01:45:44.063   834   966 D ConnectivityService: onUidRulesChanged(uid=10007, uidRules=0)
02-24 01:45:44.284   834  1088 D BatteryStatsImpl: app: 10006 resumed
02-24 01:45:44.359   322   322 I thermal_repeater: oh, queryMdThermalInfo (0)Bad file number
02-24 01:45:44.369   322   322 I thermal_repeater: [recvMdThermalInfo] ret=29, strLen=127,  2, 32767, -127, -1, 32767, 2
02-24 01:45:44.388   834  1664 D ActivityManager: getContentProviderImpl: from caller=android.app.ApplicationThreadProxy@1b1ef3cd (pid=6331, userId=0) to get content provider blackList cpr=ContentProviderRecord{36fcc0ab u0 com.meizu.safe/.blockService.provider.BlackListProvider}
02-24 01:45:44.389   834  1664 D ActivityManager: getContentProviderImpl: updateLruProcessLocked cpr.proc=ProcessRecord{1795f61d 1696:com.meizu.safe/1000}
02-24 01:45:44.762   834  1547 V WindowManager: Adding window Window{33f16793 u0 com.android.dialer/com.android.contacts.quickcontact.QuickContactPhotoDetailActivity} at 65 of 70 (after Window{2e211f79 u0 com.android.dialer/com.android.contacts.quickcontact.QuickContactActivity})
02-24 01:45:44.866   834   854 V WindowManager: Changing focus from null to Window{33f16793 u0 com.android.dialer/com.android.contacts.quickcontact.QuickContactPhotoDetailActivity} Callers=com.android.server.wm.WindowManagerService.relayoutWindow:3705 com.android.server.wm.Session.relayout:203 android.view.IWindowSession$Stub.onTransact:273 com.android.server.wm.Session.onTransact:136 
02-24 01:45:44.881   834   882 I WindowManager: Gaining focus: Window{33f16793 u0 com.android.dialer/com.android.contacts.quickcontact.QuickContactPhotoDetailActivity}
02-24 01:45:45.513   834  1569 I ActivityManager: START u0 {cmp=com.android.dialer/com.meizu.mzpresethead.PresetHeadSelectActivity (has extras)} from uid 10006 on display 0 from pid 6331
02-24 01:45:45.521   834  1569 V WindowManager: addAppToken: AppWindowToken{3b8956ce token=Token{b33ffc9 ActivityRecord{1a0a13d0 u0 com.android.dialer/com.meizu.mzpresethead.PresetHeadSelectActivity t54}}} to stack=1 task=54 at 4
02-24 01:45:45.521   834  1569 D BatteryStatsImpl: app: 10006 paused
02-24 01:45:45.524   834  1569 V WindowManager: Changing focus from Window{33f16793 u0 com.android.dialer/com.android.contacts.quickcontact.QuickContactPhotoDetailActivity} to null Callers=com.android.server.wm.WindowManagerService.setFocusedApp:4600 com.android.server.am.ActivityManagerService.setFocusedActivityLocked:2957 com.android.server.am.ActivityStackSupervisor.startActivityUncheckedLocked:2573 com.android.server.am.ActivityStackSupervisor.startActivityLocked:1727 
02-24 01:45:45.526   834   882 I WindowManager: Losing focus: Window{33f16793 u0 com.android.dialer/com.android.contacts.quickcontact.QuickContactPhotoDetailActivity}
02-24 01:45:45.533   834  1456 D BatteryStatsImpl: app: 10006 resumed
02-24 01:45:45.666   834  1594 D ActivityManager: getContentProviderImpl: from caller=android.app.ApplicationThreadProxy@2340e9ef (pid=6331, userId=0) to get content provider com.meizu.usagestats cpr=ContentProviderRecord{b42626d u0 com.meizu.experiencedatasync/com.meizu.stats.UsageStatsProvider}
02-24 01:45:45.666   834  1594 D ActivityManager: getContentProviderImpl: updateLruProcessLocked cpr.proc=ProcessRecord{128f4ea2 1426:com.meizu.experiencedatasync/1000}
02-24 01:45:45.879   834   853 V WindowManager: Adding window Window{3a3c8ce8 u0 com.android.dialer/com.meizu.mzpresethead.PresetHeadSelectActivity} at 66 of 71 (after Window{33f16793 u0 com.android.dialer/com.android.contacts.quickcontact.QuickContactPhotoDetailActivity})
02-24 01:45:45.966   834  1593 W ActivityManager: Force-killing crashed app com.android.dialer at watcher's request
02-24 01:45:45.999   834  1593 I ActivityManager: Killing 6331:com.android.dialer/u0a6 (adj 0): crash
02-24 01:45:46.140   834  9692 I WindowState: WIN DEATH: Window{33f16793 u0 com.android.dialer/com.android.contacts.quickcontact.QuickContactPhotoDetailActivity}
02-24 01:45:46.141   834  1638 D DisplayManagerService: Display listener for pid 6331 died.
02-24 01:45:46.141   834  1594 D ActivityManager: SVC-handleAppDiedLocked: app = ProcessRecord{3a9ed710 6331:com.android.dialer/u0a6}, app.pid = 6331
02-24 01:45:46.147   834  1638 I WindowState: WIN DEATH: Window{3a3c8ce8 u0 com.android.dialer/com.meizu.mzpresethead.PresetHeadSelectActivity}
02-24 01:45:46.150   834  1594 D ActivityManager: removeDyingProviderLocked: cpr=ContentProviderRecord{1e4571a6 u0 com.android.dialer/com.meizu.contacts.db.MzDialerProvider} always=false inLaunching=false
02-24 01:45:46.150   834  1594 D ActivityManager: removeDyingProviderLocked: cpr=ContentProviderRecord{189627e7 u0 com.android.dialer/com.meizu.contacts.db.MzMspaceProvider} always=false inLaunching=false
02-24 01:45:46.150   834  1594 D ActivityManager: removeDyingProviderLocked: cpr=ContentProviderRecord{ba16a3d u0 com.android.dialer/.debug.DumpFileProvider} always=false inLaunching=false
02-24 01:45:46.150   834  1594 D ActivityManager: removeDyingProviderLocked: cpr=ContentProviderRecord{a470232 u0 com.android.dialer/android.support.v4.content.FileProvider} always=false inLaunching=false
02-24 01:45:46.150   834  1594 D ActivityManager: SVC-mBroadcastQueues: com.android.server.am.BroadcastQueue@755b80f
02-24 01:45:46.150   834  1594 D ActivityManager: SVC-mBroadcastQueues: com.android.server.am.BroadcastQueue@282e209c
02-24 01:45:46.151   834   877 D NetworkPolicy: rule3gBackgroundChanged 10006 false
02-24 01:45:46.151   834   877 D NetworkPolicy: ruleWifiBackgroundChanged 10006 false
02-24 01:45:46.151   834   877 V NetworkStats: setKernelCounterSet uid=10006 set=0
02-24 01:45:46.151   834   966 D ConnectivityService: onUidRulesChanged(uid=10006, uidRules=0)
02-24 01:45:46.152   834  1594 W ActivityManager: Force removing ActivityRecord{1a0a13d0 u0 com.android.dialer/com.meizu.mzpresethead.PresetHeadSelectActivity t54}: app died, no saved state
02-24 01:45:46.152   834  1594 D BatteryStatsImpl: app: 10006 paused
02-24 01:45:46.158   834  1569 I WindowState: WIN DEATH: Window{2e211f79 u0 com.android.dialer/com.android.contacts.quickcontact.QuickContactActivity EXITING}


=====================================
logcat -t 200 -v threadtime -b events
02-24 01:44:31.390   834   853 I am_resume_activity: [0,752150740,30,com.meizu.notepaper/com.meizu.flyme.notepaper.app.NotePreviewActivity]
02-24 01:44:31.394   834   853 I am_home_stack_moved: [0,0,1,1,completeResume setFocusedActivity]
02-24 01:44:31.394   834   853 I am_focused_activity: [0,com.meizu.notepaper/com.meizu.flyme.notepaper.app.NotePreviewActivity]
02-24 01:44:31.424   834  1593 I am_finish_activity: [0,752150740,30,com.meizu.notepaper/com.meizu.flyme.notepaper.app.NotePreviewActivity,app-request]
02-24 01:44:31.426   834  1593 I am_home_stack_moved: [0,0,1,1,finishActivity adjustTopFocus setFocusedActivity]
02-24 01:44:31.426   834  1593 I am_focused_activity: [0,com.meizu.notepaper/com.meizu.flyme.notepaper.app.NoteEditActivity]
02-24 01:44:31.427   834  1593 I am_pause_activity: [0,752150740,com.meizu.notepaper/com.meizu.flyme.notepaper.app.NotePreviewActivity]
02-24 01:44:31.440   834  1616 I am_resume_activity: [0,582846327,30,com.meizu.notepaper/com.meizu.flyme.notepaper.app.NoteEditActivity]
02-24 01:44:31.444   834  1616 I am_home_stack_moved: [0,0,1,1,completeResume setFocusedActivity]
02-24 01:44:31.444   834  1616 I am_focused_activity: [0,com.meizu.notepaper/com.meizu.flyme.notepaper.app.NoteEditActivity]
02-24 01:44:31.450   834   834 I notification_cancel: [10051,5769,com.meizu.notepaper,100,NoteEditActivity,0,0,64,8,NULL]
02-24 01:44:31.450  5769  5769 I am_on_resume_called: [0,com.meizu.flyme.notepaper.app.NoteEditActivity]
02-24 01:44:31.566   834  1525 I am_destroy_activity: [0,752150740,30,com.meizu.notepaper/com.meizu.flyme.notepaper.app.NotePreviewActivity,finish-idle]
02-24 01:44:31.597   834   877 I am_destroy_activity: [0,748440741,30,com.meizu.media.gallery/.filtershow.FilterShowActivity,finish-imm]
02-24 01:44:31.723   834   834 I notification_cancel: [10019,14573,com.meizu.flyme.input,101,NULL,0,0,64,8,NULL]
02-24 01:44:31.801   834  1616 I am_proc_died: [0,5913,com.meizu.media.gallery]
02-24 01:44:31.966   275   275 I sf_frame_dur: [com.meizu.media.gallery/com.meizu.media.gallery.filtershow.FilterShowActivity,31,5,2,10,11,2,0]
02-24 01:44:32.389   834   834 I free_storage_changed: 2137104384
02-24 01:44:35.412  1044  1044 I sysui_panelholder_touch: [0,530,3]
02-24 01:44:39.441   834   853 I am_home_stack_moved: [0,0,1,1,sourceStackToFront]
02-24 01:44:39.441   834   853 I wm_task_moved: [30,1,53]
02-24 01:44:39.449   834   853 I am_create_activity: [0,3690157,30,android/com.android.internal.app.MzChooserActivity,android.intent.action.CHOOSER,NULL,NULL,75497472]
02-24 01:44:39.451   834   853 I am_pause_activity: [0,582846327,com.meizu.notepaper/com.meizu.flyme.notepaper.app.NoteEditActivity]
02-24 01:44:39.454   834   853 I am_home_stack_moved: [0,0,1,1,startedActivity setFocusedActivity]
02-24 01:44:39.461   834   853 I am_focused_activity: [0,android/com.android.internal.app.MzChooserActivity]
02-24 01:44:39.463  5769  5769 I am_on_paused_called: [0,com.meizu.flyme.notepaper.app.NoteEditActivity]
02-24 01:44:39.601   834  1393 I am_proc_start: [0,6020,1000,android:ui,activity,android/com.android.internal.app.MzChooserActivity]
02-24 01:44:39.625   834  1525 I am_proc_bound: [0,6020,android:ui]
02-24 01:44:39.632   834  1525 I am_restart_activity: [0,3690157,30,android/com.android.internal.app.MzChooserActivity]
02-24 01:44:39.637   834  1525 I am_home_stack_moved: [0,0,1,1,completeResume setFocusedActivity]
02-24 01:44:39.637   834  1525 I am_focused_activity: [0,android/com.android.internal.app.MzChooserActivity]
02-24 01:44:39.794   834  9692 I am_home_stack_moved: [0,0,1,1,sourceStackToFront]
02-24 01:44:39.795   834  9692 I wm_task_moved: [30,1,53]
02-24 01:44:39.800   834  9692 I am_create_activity: [0,918867770,30,com.meizu.media.gallery/.AlbumManagerActivity,android.intent.action.PICK,image/*,NULL,50855936]
02-24 01:44:39.801   834  9692 I am_pause_activity: [0,3690157,android/com.android.internal.app.MzChooserActivity]
02-24 01:44:39.804   834  9692 I am_home_stack_moved: [0,0,1,1,startedActivity setFocusedActivity]
02-24 01:44:39.804   834  9692 I am_focused_activity: [0,com.meizu.media.gallery/.AlbumManagerActivity]
02-24 01:44:39.805   834  1592 I am_finish_activity: [0,3690157,30,android/com.android.internal.app.MzChooserActivity,app-request]
02-24 01:44:39.894   834  1525 I am_proc_start: [0,6042,10011,com.meizu.media.gallery,activity,com.meizu.media.gallery/.AlbumManagerActivity]
02-24 01:44:39.953   834   969 I am_proc_bound: [0,6042,com.meizu.media.gallery]
02-24 01:44:39.956   834   969 I am_restart_activity: [0,918867770,30,com.meizu.media.gallery/.AlbumManagerActivity]
02-24 01:44:39.961   834   969 I am_home_stack_moved: [0,0,1,1,completeResume setFocusedActivity]
02-24 01:44:39.961   834   969 I am_focused_activity: [0,com.meizu.media.gallery/.AlbumManagerActivity]
02-24 01:44:40.101   834   854 I am_proc_died: [0,4150,com.facebook.katana]
02-24 01:44:40.500  6042  6042 I am_on_resume_called: [0,com.meizu.media.gallery.AlbumManagerActivity]
02-24 01:44:41.136   834   882 I am_activity_launch_time: [0,918867770,com.meizu.media.gallery/.AlbumManagerActivity,1319,1672]
02-24 01:44:41.455   834   969 I am_destroy_activity: [0,3690157,30,android/com.android.internal.app.MzChooserActivity,finish-idle]
02-24 01:44:41.653   275   275 I sf_frame_dur: [InputMethod,14,0,0,0,1,2,1]
02-24 01:44:42.190   834  1664 I am_proc_died: [0,6020,android:ui]
02-24 01:44:42.521   834  1616 I am_proc_died: [0,4710,com.android.settings]
02-24 01:44:44.281   834  1594 I am_proc_died: [0,31383,com.xrom.intl.appcenter]
02-24 01:44:44.281   834  1594 I am_schedule_service_restart: [0,com.xrom.intl.appcenter/com.mozillaonline.providers.downloads.DownloadService,1000]
02-24 01:44:44.601   834  1592 I am_proc_died: [0,3624,com.android.calendar]
02-24 01:44:45.331   834   877 I am_proc_start: [0,6129,10029,com.xrom.intl.appcenter,service,com.xrom.intl.appcenter/com.mozillaonline.providers.downloads.DownloadService]
02-24 01:44:45.350   834  1088 I am_proc_bound: [0,6129,com.xrom.intl.appcenter]
02-24 01:44:45.651   834   834 I notification_cancel: [10029,6129,com.xrom.intl.appcenter,0,NULL,0,0,64,8,NULL]
02-24 01:44:45.693   834  1547 I am_proc_died: [0,14228,com.meizu.media.music]
02-24 01:44:45.693   834  1547 I am_schedule_service_restart: [0,com.meizu.media.music/com.doreso.sdk.DoresoSdkService,1000]
02-24 01:44:45.932   834   834 I notification_enqueue: [10029,6129,com.xrom.intl.appcenter,0,2:com.xrom.intl.appcenter,0,Notification(pri=0 contentView=com.xrom.intl.appcenter/0xa030053 headsUpContentView=/0xa030055 bigContentView=null vibrate=null sound=null defaults=0x0 flags=0x2 color=0x00000000 vis=PRIVATE),1]
02-24 01:44:46.734   834   877 I am_proc_start: [0,6159,10015,com.meizu.media.music,service,com.meizu.media.music/com.doreso.sdk.DoresoSdkService]
02-24 01:44:46.747   834  1547 I am_proc_bound: [0,6159,com.meizu.media.music]
02-24 01:44:56.205   275   275 I sf_frame_dur: [,0,0,0,1,1,0,0]
02-24 01:45:00.199   834   854 I am_proc_start: [0,6213,10003,com.android.providers.calendar,content provider,com.android.providers.calendar/.CalendarProvider2]
02-24 01:45:00.259   834  1592 I am_proc_bound: [0,6213,com.android.providers.calendar]
02-24 01:45:01.530   834   877 I am_broadcast_discard_app: [0,748990206,android.intent.action.PROVIDER_CHANGED,0,ResolveInfo{5e4165f com.facebook.orca/com.facebook.messaging.business.calendar.CalendarSyncReceiver p=999 m=0x308000}]
02-24 01:45:09.522   834  1594 I am_proc_start: [0,6246,10104,com.UCMobile.intl:RemoteBackgroundProcess,service,com.UCMobile.intl/com.uc.browser.bgprocess.IntlRemoteBackgroundProcess]
02-24 01:45:09.571   834   853 I am_proc_bound: [0,6246,com.UCMobile.intl:RemoteBackgroundProcess]
02-24 01:45:10.301   834   834 I notification_enqueue: [10104,6246,com.UCMobile.intl,6246,NULL,0,Notification(pri=-2 contentView=com.UCMobile.intl/0xa030052 headsUpContentView=/0xa030056 bigContentView=null vibrate=null sound=null defaults=0x0 flags=0x40 color=0x00000000 vis=PRIVATE),0]
02-24 01:45:10.306   834   834 I notification_enqueue: [10104,6246,com.UCMobile.intl,6246,NULL,0,Notification(pri=-2 contentView=com.UCMobile.intl/0xa030052 headsUpContentView=/0xa030056 bigContentView=null vibrate=null sound=null defaults=0x0 flags=0x40 color=0x00000000 vis=PRIVATE),1]
02-24 01:45:10.308   834   834 I notification_cancel: [1000,834,com.UCMobile.intl,6246,NULL,0,0,0,8,NULL]
02-24 01:45:10.309   834   834 I notification_canceled: [0|com.UCMobile.intl|6246|null|10104,8]
02-24 01:45:10.874   834   834 I notification_enqueue: [10104,6246,com.UCMobile.intl,1012,NULL,0,Notification(pri=0 contentView=com.UCMobile.intl/0x7f0300ad headsUpContentView=null bigContentView=null vibrate=null sound=null defaults=0x0 flags=0x2 color=0x00000000 vis=PRIVATE),1]
02-24 01:45:16.148   834   834 I notification_cancel: [1000,834,com.UCMobile.intl,6246,NULL,0,0,0,8,NULL]
02-24 01:45:32.392   834   834 I free_storage_changed: 2132971520
02-24 01:45:33.171   834  1525 I am_home_stack_moved: [0,0,1,1,moveTaskToFront]
02-24 01:45:33.171   834  1525 I wm_task_moved: [375,1,53]
02-24 01:45:33.245   834  1525 I am_pause_activity: [0,918867770,com.meizu.media.gallery/.AlbumManagerActivity]
02-24 01:45:33.249   834  1525 I am_task_to_front: [0,375]
02-24 01:45:33.257  6042  6042 I am_on_paused_called: [0,com.meizu.media.gallery.AlbumManagerActivity]
02-24 01:45:33.264   834  9692 I am_resume_activity: [0,400627733,375,com.android.email/.activity.setup.OAuthAuthenticationActivity]
02-24 01:45:33.268   834  9692 I am_home_stack_moved: [0,0,1,1,completeResume setFocusedActivity]
02-24 01:45:33.327   834  9692 I am_focused_activity: [0,com.android.email/.activity.setup.OAuthAuthenticationActivity]
02-24 01:45:33.360  4415  4415 I am_on_resume_called: [0,com.android.email.activity.setup.OAuthAuthenticationActivity]
02-24 01:45:34.096   275   275 I sf_frame_dur: [com.meizu.notepaper/com.meizu.flyme.notepaper.app.NoteEditActivity,89,5,1,4,14,11,9]
02-24 01:45:34.096   275   275 I sf_frame_dur: [com.meizu.media.gallery/com.meizu.media.gallery.AlbumManagerActivity,543,46,19,15,13,10,7]
02-24 01:45:34.195   834   969 I am_finish_activity: [0,400627733,375,com.android.email/.activity.setup.OAuthAuthenticationActivity,app-request]
02-24 01:45:34.197   834   969 I am_home_stack_moved: [0,0,1,1,finishActivity adjustTopFocus setFocusedActivity]
02-24 01:45:34.197   834   969 I am_focused_activity: [0,com.android.email/.activity.setup.AccountSetupSelectActivity]
02-24 01:45:34.197   834   969 I am_pause_activity: [0,400627733,com.android.email/.activity.setup.OAuthAuthenticationActivity]
02-24 01:45:34.213  4415  4415 I am_on_paused_called: [0,com.android.email.activity.setup.OAuthAuthenticationActivity]
02-24 01:45:34.217   834   853 I am_resume_activity: [0,986860037,375,com.android.email/.activity.setup.AccountSetupSelectActivity]
02-24 01:45:34.220   834   853 I am_home_stack_moved: [0,0,1,1,completeResume setFocusedActivity]
02-24 01:45:34.220   834   853 I am_focused_activity: [0,com.android.email/.activity.setup.AccountSetupSelectActivity]
02-24 01:45:34.231  4415  4415 I am_on_resume_called: [0,com.android.email.activity.setup.AccountSetupSelectActivity]
02-24 01:45:34.547   834   877 I am_destroy_activity: [0,400627733,375,com.android.email/.activity.setup.OAuthAuthenticationActivity,finish-imm]
02-24 01:45:34.562   275   275 I sf_frame_dur: [com.android.email/com.android.email.activity.setup.OAuthAuthenticationActivity,5,4,1,0,0,0,0]
02-24 01:45:35.249   834  1638 I am_home_stack_moved: [0,0,1,1,sourceStackToFront]
02-24 01:45:35.249   834  1638 I wm_task_moved: [375,1,53]
02-24 01:45:35.258   834  1638 I am_create_activity: [0,90776927,375,com.android.email/.activity.setup.OAuthAuthenticationActivity,NULL,NULL,NULL,0]
02-24 01:45:35.261   834  1638 I am_pause_activity: [0,986860037,com.android.email/.activity.setup.AccountSetupSelectActivity]
02-24 01:45:35.267   834  1638 I am_home_stack_moved: [0,0,1,1,startedActivity setFocusedActivity]
02-24 01:45:35.271   834  1638 I am_focused_activity: [0,com.android.email/.activity.setup.OAuthAuthenticationActivity]
02-24 01:45:35.302  4415  4415 I am_on_paused_called: [0,com.android.email.activity.setup.AccountSetupSelectActivity]
02-24 01:45:35.304   834  1547 I am_restart_activity: [0,90776927,375,com.android.email/.activity.setup.OAuthAuthenticationActivity]
02-24 01:45:35.308   834  1547 I am_home_stack_moved: [0,0,1,1,completeResume setFocusedActivity]
02-24 01:45:35.308   834  1547 I am_focused_activity: [0,com.android.email/.activity.setup.OAuthAuthenticationActivity]
02-24 01:45:35.411  4415  4415 I am_on_resume_called: [0,com.android.email.activity.setup.OAuthAuthenticationActivity]
02-24 01:45:35.497   834   882 I am_activity_launch_time: [0,90776927,com.android.email/.activity.setup.OAuthAuthenticationActivity,194,194]
02-24 01:45:35.754   275   275 I sf_frame_dur: [com.android.email/com.android.email.activity.setup.AccountSetupSelectActivity,9,2,1,0,1,1,0]
02-24 01:45:38.836   834  1569 I am_finish_activity: [0,90776927,375,com.android.email/.activity.setup.OAuthAuthenticationActivity,app-request]
02-24 01:45:38.838   834  1569 I am_home_stack_moved: [0,0,1,1,finishActivity adjustTopFocus setFocusedActivity]
02-24 01:45:38.838   834  1569 I am_focused_activity: [0,com.android.email/.activity.setup.AccountSetupSelectActivity]
02-24 01:45:38.838   834  1569 I am_pause_activity: [0,90776927,com.android.email/.activity.setup.OAuthAuthenticationActivity]
02-24 01:45:38.840  4415  4415 I am_on_paused_called: [0,com.android.email.activity.setup.OAuthAuthenticationActivity]
02-24 01:45:38.842   834  1664 I am_resume_activity: [0,986860037,375,com.android.email/.activity.setup.AccountSetupSelectActivity]
02-24 01:45:38.848   834  1664 I am_home_stack_moved: [0,0,1,1,completeResume setFocusedActivity]
02-24 01:45:38.848   834  1664 I am_focused_activity: [0,com.android.email/.activity.setup.AccountSetupSelectActivity]
02-24 01:45:38.852  4415  4415 I am_on_resume_called: [0,com.android.email.activity.setup.AccountSetupSelectActivity]
02-24 01:45:39.158   834   877 I am_destroy_activity: [0,90776927,375,com.android.email/.activity.setup.OAuthAuthenticationActivity,finish-imm]
02-24 01:45:39.173   275   275 I sf_frame_dur: [com.android.email/com.android.email.activity.setup.OAuthAuthenticationActivity,7,3,0,1,2,1,0]
02-24 01:45:39.853   834  1594 I am_home_stack_moved: [0,0,1,1,sourceStackToFront]
02-24 01:45:39.853   834  1594 I wm_task_moved: [375,1,53]
