// CRASH: com.android.dialer (pid 6331)
// Short Msg: android.content.res.Resources$NotFoundException
// Long Msg: android.content.res.Resources$NotFoundException: Resource ID #0xffffffff
// Build Label: Meizu/meizu_m2note/m2note:5.1/LMY47D/1487743438:user/release-keys
// Build Changelist: 1487743438
// Build Time: 1487743628000
// android.content.res.Resources$NotFoundException: Resource ID #0xffffffff
// 	at android.content.res.Resources.getValue(Resources.java:1490)
// 	at android.content.res.Resources.getDrawable(Resources.java:918)
// 	at android.content.Context.getDrawable(Context.java:418)
// 	at android.support.v4.content.b.a(SourceFile:26)
// 	at android.support.v4.content.a.a(SourceFile:321)
// 	at com.meizu.a.a.a.a.a(SourceFile:39)
// 	at com.meizu.mzpresethead.b.f$c.a(SourceFile:132)
// 	at com.meizu.mzpresethead.a.a$a.getView(SourceFile:132)
// 	at android.widget.AbsListView.obtainView(AbsListView.java:2563)
// 	at android.widget.GridView.onMeasure(GridView.java:1065)
// 	at android.view.View.measure(View.java:18026)
// 	at flyme.support.v4.view.ViewPager.onMeasure(SourceFile:1752)
// 	at android.view.View.measure(View.java:18026)
// 	at android.view.ViewGroup.measureChildWithMargins(ViewGroup.java:5702)
// 	at android.widget.LinearLayout.measureChildBeforeLayout(LinearLayout.java:1692)
// 	at android.widget.LinearLayout.measureVertical(LinearLayout.java:760)
// 	at android.widget.LinearLayout.onMeasure(LinearLayout.java:629)
// 	at android.view.View.measure(View.java:18026)
// 	at android.widget.RelativeLayout.measureChildHorizontal(RelativeLayout.java:846)
// 	at android.widget.RelativeLayout.onMeasure(RelativeLayout.java:512)
// 	at android.view.View.measure(View.java:18026)
// 	at android.view.ViewGroup.measureChildWithMargins(ViewGroup.java:5702)
// 	at android.widget.FrameLayout.onMeasure(FrameLayout.java:465)
// 	at android.view.View.measure(View.java:18026)
// 	at android.view.ViewGroup.measureChildWithMargins(ViewGroup.java:5702)
// 	at android.widget.FrameLayout.onMeasure(FrameLayout.java:465)
// 	at android.support.v7.widget.ContentFrameLayout.onMeasure(SourceFile:135)
// 	at android.view.View.measure(View.java:18026)
// 	at android.view.ViewGroup.measureChildWithMargins(ViewGroup.java:5702)
// 	at flyme.support.v7.widget.ActionBarOverlayLayout.onMeasure(SourceFile:521)
// 	at android.view.View.measure(View.java:18026)
// 	at android.view.ViewGroup.measureChildWithMargins(ViewGroup.java:5702)
// 	at android.widget.FrameLayout.onMeasure(FrameLayout.java:465)
// 	at android.view.View.measure(View.java:18026)
// 	at android.view.ViewGroup.measureChildWithMargins(ViewGroup.java:5702)
// 	at android.widget.FrameLayout.onMeasure(FrameLayout.java:465)
// 	at android.view.View.measure(View.java:18026)
// 	at android.view.ViewGroup.measureChildWithMargins(ViewGroup.java:5702)
// 	at android.widget.FrameLayout.onMeasure(FrameLayout.java:465)
// 	at com.android.internal.policy.impl.PhoneWindow$DecorView.onMeasure(PhoneWindow.java:2788)
// 	at android.view.View.measure(View.java:18026)
// 	at android.view.ViewRootImpl.performMeasure(ViewRootImpl.java:2459)
// 	at android.view.ViewRootImpl.measureHierarchy(ViewRootImpl.java:1441)
// 	at android.view.ViewRootImpl.performTraversals(ViewRootImpl.java:1676)
// 	at android.view.ViewRootImpl.doTraversal(ViewRootImpl.java:1319)
// 	at android.view.ViewRootImpl$TraversalRunnable.run(ViewRootImpl.java:6678)
// 	at android.view.Choreographer$CallbackRecord.run(Choreographer.java:800)
// 	at android.view.Choreographer.doCallbacks(Choreographer.java:603)
// 	at android.view.Choreographer.doFrame(Choreographer.java:572)
// 	at android.view.Choreographer$FrameDisplayEventReceiver.run(Choreographer.java:786)
// 	at android.os.Handler.handleCallback(Handler.java:815)
// 	at android.os.Handler.dispatchMessage(Handler.java:104)
// 	at android.os.Looper.loop(Looper.java:194)
// 	at android.app.ActivityThread.main(ActivityThread.java:5869)
// 	at java.lang.reflect.Method.invoke(Native Method)
// 	at java.lang.reflect.Method.invoke(Method.java:372)
// 	at com.android.internal.os.ZygoteInit$MethodAndArgsCaller.run(ZygoteInit.java:1020)
// 	at com.android.internal.os.ZygoteInit.main(ZygoteInit.java:815)
// 


=====================================
logcat -t 300 -v threadtime -b main
02-24 01:45:45.645   303   942 D AudioALSAStreamOut: latency(), return 92
02-24 01:45:45.646  1617  2036 V SettingsInterface:  from settings cache , name = multi_sim_voice_call , value = null
02-24 01:45:45.646  1617  8339 V SettingsInterface:  from settings cache , name = multi_sim_voice_call , value = null
02-24 01:45:45.648  6331  6354 W PhoneNumberUtil: possibleNationalPrefix = (1[1279]\d{3})|0
02-24 01:45:45.650  1617  1636 V SettingsInterface:  from settings cache , name = multi_sim_voice_call , value = null
02-24 01:45:45.651  1617  1958 V SettingsInterface:  from settings cache , name = multi_sim_voice_call , value = null
02-24 01:45:45.651  1617  1637 V SettingsInterface:  from settings cache , name = multi_sim_voice_call , value = null
02-24 01:45:45.652  6331  6354 W PhoneNumberUtil: possibleNationalPrefix = (1[1279]\d{3})|0
02-24 01:45:45.655  1617  2073 V SettingsInterface:  from settings cache , name = multi_sim_voice_call , value = null
02-24 01:45:45.656  1617  2036 V SettingsInterface:  from settings cache , name = multi_sim_voice_call , value = null
02-24 01:45:45.656   303   942 D AudioALSAStreamOut: latency(), return 92
02-24 01:45:45.657  1617  8339 V SettingsInterface:  from settings cache , name = multi_sim_voice_call , value = null
02-24 01:45:45.659  6331  6354 W PhoneNumberUtil: possibleNationalPrefix = (1[1279]\d{3})|0
02-24 01:45:45.663  6331  6364 D UsageStats_UsageStatsManagerServer: insert Event {name=QuickContactActivity, type=2, package=com.android.dialer, page=null, properties={stop_time=1487871945600, start_time=1487871942600}, packageName=com.android.dialer, packageVersion=3.0.6, source=null}
02-24 01:45:45.665  1617  1636 V SettingsInterface:  from settings cache , name = multi_sim_voice_call , value = null
02-24 01:45:45.666  1617  1958 V SettingsInterface:  from settings cache , name = multi_sim_voice_call , value = null
02-24 01:45:45.667  1617  1637 V SettingsInterface:  from settings cache , name = multi_sim_voice_call , value = null
02-24 01:45:45.668   303   942 D AudioALSAStreamOut: latency(), return 92
02-24 01:45:45.669  6331  6354 W PhoneNumberUtil: possibleNationalPrefix = (1[1279]\d{3})|0
02-24 01:45:45.673  1617  2073 V SettingsInterface:  from settings cache , name = multi_sim_voice_call , value = null
02-24 01:45:45.674  1617  2036 V SettingsInterface:  from settings cache , name = multi_sim_voice_call , value = null
02-24 01:45:45.675  1617  8339 V SettingsInterface:  from settings cache , name = multi_sim_voice_call , value = null
02-24 01:45:45.676  6331  6354 W PhoneNumberUtil: possibleNationalPrefix = (1[1279]\d{3})|0
02-24 01:45:45.678  6367  6437 D SQLiteDatabase: endTransaction()
02-24 01:45:45.678  6367  6437 D AppsProvider.ApplicationsProvider: Finished updating database.
02-24 01:45:45.678  1617  1636 V SettingsInterface:  from settings cache , name = multi_sim_voice_call , value = null
02-24 01:45:45.679  1617  1958 V SettingsInterface:  from settings cache , name = multi_sim_voice_call , value = null
02-24 01:45:45.680   303   942 D AudioALSAStreamOut: latency(), return 92
02-24 01:45:45.680  1617  1637 V SettingsInterface:  from settings cache , name = multi_sim_voice_call , value = null
02-24 01:45:45.681  6331  6354 W PhoneNumberUtil: possibleNationalPrefix = (1[1279]\d{3})|0
02-24 01:45:45.685  1617  2073 V SettingsInterface:  from settings cache , name = multi_sim_voice_call , value = null
02-24 01:45:45.686  1617  2036 V SettingsInterface:  from settings cache , name = multi_sim_voice_call , value = null
02-24 01:45:45.687  1617  8339 V SettingsInterface:  from settings cache , name = multi_sim_voice_call , value = null
02-24 01:45:45.688  6331  6354 W PhoneNumberUtil: possibleNationalPrefix = (1[1279]\d{3})|0
02-24 01:45:45.689  1617  1636 V SettingsInterface:  from settings cache , name = multi_sim_voice_call , value = null
02-24 01:45:45.690  1617  1958 V SettingsInterface:  from settings cache , name = multi_sim_voice_call , value = null
02-24 01:45:45.691  1617  1637 V SettingsInterface:  from settings cache , name = multi_sim_voice_call , value = null
02-24 01:45:45.691   303   942 D AudioALSAStreamOut: latency(), return 92
02-24 01:45:45.692  6331  6354 W PhoneNumberUtil: possibleNationalPrefix = (1[1279]\d{3})|0
02-24 01:45:45.694  1617  2073 V SettingsInterface:  from settings cache , name = multi_sim_voice_call , value = null
02-24 01:45:45.695  1617  2036 V SettingsInterface:  from settings cache , name = multi_sim_voice_call , value = null
02-24 01:45:45.696  1617  8339 V SettingsInterface:  from settings cache , name = multi_sim_voice_call , value = null
02-24 01:45:45.697  6331  6354 W PhoneNumberUtil: possibleNationalPrefix = (1[1279]\d{3})|0
02-24 01:45:45.698  1617  1636 V SettingsInterface:  from settings cache , name = multi_sim_voice_call , value = null
02-24 01:45:45.699  1617  1958 V SettingsInterface:  from settings cache , name = multi_sim_voice_call , value = null
02-24 01:45:45.700  1617  1637 V SettingsInterface:  from settings cache , name = multi_sim_voice_call , value = null
02-24 01:45:45.701  6331  6354 W PhoneNumberUtil: possibleNationalPrefix = (1[1279]\d{3})|0
02-24 01:45:45.703   303   942 D AudioALSAStreamOut: latency(), return 92
02-24 01:45:45.703   303   942 D AudioFlinger_Threads: removeTracks_l removing track on session 15183
02-24 01:45:45.705  1617  2073 V SettingsInterface:  from settings cache , name = multi_sim_voice_call , value = null
02-24 01:45:45.706  1617  2036 V SettingsInterface:  from settings cache , name = multi_sim_voice_call , value = null
02-24 01:45:45.706  1617  8339 V SettingsInterface:  from settings cache , name = multi_sim_voice_call , value = null
02-24 01:45:45.707  6331  6354 W PhoneNumberUtil: possibleNationalPrefix = (1[1279]\d{3})|0
02-24 01:45:45.709  1617  1636 V SettingsInterface:  from settings cache , name = multi_sim_voice_call , value = null
02-24 01:45:45.710  1617  1958 V SettingsInterface:  from settings cache , name = multi_sim_voice_call , value = null
02-24 01:45:45.711  1617  1637 V SettingsInterface:  from settings cache , name = multi_sim_voice_call , value = null
02-24 01:45:45.712  6331  6354 W PhoneNumberUtil: possibleNationalPrefix = (1[1279]\d{3})|0
02-24 01:45:45.715   303   942 D AudioPolicyService: AudioCommandThread() adding stopOutputSamplerateCommand 2
02-24 01:45:45.715   303   938 I AudioPolicyManager: ReleaseFMIndirectMode 
02-24 01:45:45.715   303   938 I AudioPolicyManager: PolicyRestore
02-24 01:45:45.715   303   938 I AudioPolicyManager: stopOutput() output 2, stream 1, session 15183
02-24 01:45:45.715   303   938 I AudioPolicyManager: getNewOutputDevice() selected device 0
02-24 01:45:45.715   303   938 I AudioPolicyManager: setOutputDevice() output 2 device 0000 delayMs 184 force 0
02-24 01:45:45.715   303   938 I AudioPolicyManager: setOutputDevice() prevDevice 0002
02-24 01:45:45.715   303   938 I AudioPolicyManager: setOutputDevice() mMutePrevDevice 0002
02-24 01:45:45.715   303   938 I AudioPolicyManager: s 0 c 0 avaDev 3 ba2dpo 0 ba2dpsp 0 dev 2
02-24 01:45:45.715   303   938 I AudioPolicyManager: s 1 c 0 avaDev 3 ba2dpo 0 ba2dpsp 0 dev 1
02-24 01:45:45.715   303   938 I AudioPolicyManager: s 2 c 0 avaDev 3 ba2dpo 0 ba2dpsp 0 dev 2
02-24 01:45:45.715   303   938 I AudioPolicyManager: s 2 c 0 avaDev 3 ba2dpo 0 ba2dpsp 0 dev 2
02-24 01:45:45.715   303   938 I AudioPolicyManager: s 3 c 0 avaDev 3 ba2dpo 0 ba2dpsp 0 dev 2
02-24 01:45:45.715   303   938 I AudioPolicyManager: s 0 c 0 avaDev 3 ba2dpo 0 ba2dpsp 0 dev 2
02-24 01:45:45.715   303   938 I AudioPolicyManager: s 4 c 0 avaDev 3 ba2dpo 0 ba2dpsp 0 dev 2
02-24 01:45:45.715   303   938 I AudioPolicyManager: s 5 c 0 avaDev 3 ba2dpo 0 ba2dpsp 0 dev 2
02-24 01:45:45.715   303   938 I AudioPolicyManager: s 6 c 0 avaDev 3 ba2dpo 0 ba2dpsp 0 dev 2
02-24 01:45:45.715   303   938 I AudioPolicyManager: s 7 c 0 avaDev 3 ba2dpo 0 ba2dpsp 0 dev 2
02-24 01:45:45.715   303   938 I AudioPolicyManager: s 8 c 0 avaDev 3 ba2dpo 0 ba2dpsp 0 dev 2
02-24 01:45:45.715   303   938 I AudioPolicyManager: setOutputDevice() setting same device 0000 or null device for output 2
02-24 01:45:45.716  1617  2073 V SettingsInterface:  from settings cache , name = multi_sim_voice_call , value = null
02-24 01:45:45.718  1617  2036 V SettingsInterface:  from settings cache , name = multi_sim_voice_call , value = null
02-24 01:45:45.719  1617  8339 V SettingsInterface:  from settings cache , name = multi_sim_voice_call , value = null
02-24 01:45:45.720  6331  6354 W PhoneNumberUtil: possibleNationalPrefix = (1[1279]\d{3})|0
02-24 01:45:45.726  1617  1636 V SettingsInterface:  from settings cache , name = multi_sim_voice_call , value = null
02-24 01:45:45.727  1617  1958 V SettingsInterface:  from settings cache , name = multi_sim_voice_call , value = null
02-24 01:45:45.727  1617  1637 V SettingsInterface:  from settings cache , name = multi_sim_voice_call , value = null
02-24 01:45:45.729  6331  6354 W PhoneNumberUtil: possibleNationalPrefix = (1[1279]\d{3})|0
02-24 01:45:45.733  1617  2073 V SettingsInterface:  from settings cache , name = multi_sim_voice_call , value = null
02-24 01:45:45.734  1617  2036 V SettingsInterface:  from settings cache , name = multi_sim_voice_call , value = null
02-24 01:45:45.734  1617  8339 V SettingsInterface:  from settings cache , name = multi_sim_voice_call , value = null
02-24 01:45:45.736  6331  6354 W PhoneNumberUtil: possibleNationalPrefix = (1[1279]\d{3})|0
02-24 01:45:45.738  1617  1636 V SettingsInterface:  from settings cache , name = multi_sim_voice_call , value = null
02-24 01:45:45.739  1617  1958 V SettingsInterface:  from settings cache , name = multi_sim_voice_call , value = null
02-24 01:45:45.740  1617  1637 V SettingsInterface:  from settings cache , name = multi_sim_voice_call , value = null
02-24 01:45:45.741  6331  6354 W PhoneNumberUtil: possibleNationalPrefix = (1[1279]\d{3})|0
02-24 01:45:45.744  1617  2073 V SettingsInterface:  from settings cache , name = multi_sim_voice_call , value = null
02-24 01:45:45.745  1617  2036 V SettingsInterface:  from settings cache , name = multi_sim_voice_call , value = null
02-24 01:45:45.745  1617  8339 V SettingsInterface:  from settings cache , name = multi_sim_voice_call , value = null
02-24 01:45:45.747  6331  6354 W PhoneNumberUtil: possibleNationalPrefix = (1[1279]\d{3})|0
02-24 01:45:45.749  1617  1636 V SettingsInterface:  from settings cache , name = multi_sim_voice_call , value = null
02-24 01:45:45.750  1617  1958 V SettingsInterface:  from settings cache , name = multi_sim_voice_call , value = null
02-24 01:45:45.750  1617  1637 V SettingsInterface:  from settings cache , name = multi_sim_voice_call , value = null
02-24 01:45:45.752  6331  6354 W PhoneNumberUtil: possibleNationalPrefix = (1[1279]\d{3})|0
02-24 01:45:45.755  1617  2073 V SettingsInterface:  from settings cache , name = multi_sim_voice_call , value = null
02-24 01:45:45.756  1617  2036 V SettingsInterface:  from settings cache , name = multi_sim_voice_call , value = null
02-24 01:45:45.756  1617  8339 V SettingsInterface:  from settings cache , name = multi_sim_voice_call , value = null
02-24 01:45:45.757  6331  6354 W PhoneNumberUtil: possibleNationalPrefix = (1[1279]\d{3})|0
02-24 01:45:45.759  1617  1636 V SettingsInterface:  from settings cache , name = multi_sim_voice_call , value = null
02-24 01:45:45.760  1617  1958 V SettingsInterface:  from settings cache , name = multi_sim_voice_call , value = null
02-24 01:45:45.760  1617  1637 V SettingsInterface:  from settings cache , name = multi_sim_voice_call , value = null
02-24 01:45:45.762  6331  6354 W PhoneNumberUtil: possibleNationalPrefix = (1[1279]\d{3})|0
02-24 01:45:45.764  1617  2073 V SettingsInterface:  from settings cache , name = multi_sim_voice_call , value = null
02-24 01:45:45.765  1617  2036 V SettingsInterface:  from settings cache , name = multi_sim_voice_call , value = null
02-24 01:45:45.766  1617  8339 V SettingsInterface:  from settings cache , name = multi_sim_voice_call , value = null
02-24 01:45:45.767  6331  6354 W PhoneNumberUtil: possibleNationalPrefix = (1[1279]\d{3})|0
02-24 01:45:45.769  1617  1636 V SettingsInterface:  from settings cache , name = multi_sim_voice_call , value = null
02-24 01:45:45.770  1617  1958 V SettingsInterface:  from settings cache , name = multi_sim_voice_call , value = null
02-24 01:45:45.771  1617  1637 V SettingsInterface:  from settings cache , name = multi_sim_voice_call , value = null
02-24 01:45:45.772  6331  6354 W PhoneNumberUtil: possibleNationalPrefix = (1[1279]\d{3})|0
02-24 01:45:45.775  1617  2073 V SettingsInterface:  from settings cache , name = multi_sim_voice_call , value = null
02-24 01:45:45.776  1617  2036 V SettingsInterface:  from settings cache , name = multi_sim_voice_call , value = null
02-24 01:45:45.776  1617  8339 V SettingsInterface:  from settings cache , name = multi_sim_voice_call , value = null
02-24 01:45:45.778  6331  6354 W PhoneNumberUtil: possibleNationalPrefix = (1[1279]\d{3})|0
02-24 01:45:45.780  1617  1636 V SettingsInterface:  from settings cache , name = multi_sim_voice_call , value = null
02-24 01:45:45.781  1617  1958 V SettingsInterface:  from settings cache , name = multi_sim_voice_call , value = null
02-24 01:45:45.781  1617  1637 V SettingsInterface:  from settings cache , name = multi_sim_voice_call , value = null
02-24 01:45:45.782  6331  6354 W PhoneNumberUtil: possibleNationalPrefix = (1[1279]\d{3})|0
02-24 01:45:45.785  1617  2073 V SettingsInterface:  from settings cache , name = multi_sim_voice_call , value = null
02-24 01:45:45.786  1617  2036 V SettingsInterface:  from settings cache , name = multi_sim_voice_call , value = null
02-24 01:45:45.787  1617  8339 V SettingsInterface:  from settings cache , name = multi_sim_voice_call , value = null
02-24 01:45:45.789  6331  6354 W PhoneNumberUtil: possibleNationalPrefix = (1[1279]\d{3})|0
02-24 01:45:45.790  1617  1636 V SettingsInterface:  from settings cache , name = multi_sim_voice_call , value = null
02-24 01:45:45.791  1617  1958 V SettingsInterface:  from settings cache , name = multi_sim_voice_call , value = null
02-24 01:45:45.792  1617  1637 V SettingsInterface:  from settings cache , name = multi_sim_voice_call , value = null
02-24 01:45:45.793  6331  6354 W PhoneNumberUtil: possibleNationalPrefix = (1[1279]\d{3})|0
02-24 01:45:45.796  1617  2073 V SettingsInterface:  from settings cache , name = multi_sim_voice_call , value = null
02-24 01:45:45.797  1617  2036 V SettingsInterface:  from settings cache , name = multi_sim_voice_call , value = null
02-24 01:45:45.798  1617  8339 V SettingsInterface:  from settings cache , name = multi_sim_voice_call , value = null
02-24 01:45:45.799  6331  6354 W PhoneNumberUtil: possibleNationalPrefix = (1[1279]\d{3})|0
02-24 01:45:45.801  1617  1636 V SettingsInterface:  from settings cache , name = multi_sim_voice_call , value = null
02-24 01:45:45.802  1617  1958 V SettingsInterface:  from settings cache , name = multi_sim_voice_call , value = null
02-24 01:45:45.802  1617  1637 V SettingsInterface:  from settings cache , name = multi_sim_voice_call , value = null
02-24 01:45:45.803  6331  6354 W PhoneNumberUtil: possibleNationalPrefix = (1[1279]\d{3})|0
02-24 01:45:45.807  1617  2073 V SettingsInterface:  from settings cache , name = multi_sim_voice_call , value = null
02-24 01:45:45.807  1617  2036 V SettingsInterface:  from settings cache , name = multi_sim_voice_call , value = null
02-24 01:45:45.808  1617  8339 V SettingsInterface:  from settings cache , name = multi_sim_voice_call , value = null
02-24 01:45:45.810  6331  6354 W PhoneNumberUtil: possibleNationalPrefix = (1[1279]\d{3})|0
02-24 01:45:45.811  1617  1636 V SettingsInterface:  from settings cache , name = multi_sim_voice_call , value = null
02-24 01:45:45.812  1617  1958 V SettingsInterface:  from settings cache , name = multi_sim_voice_call , value = null
02-24 01:45:45.813  1617  1637 V SettingsInterface:  from settings cache , name = multi_sim_voice_call , value = null
02-24 01:45:45.814  6331  6354 W PhoneNumberUtil: possibleNationalPrefix = (1[1279]\d{3})|0
02-24 01:45:45.815  6331  6331 D AbsListView: checkAbsListViewlLogProperty get invalid command
02-24 01:45:45.817  1617  2073 V SettingsInterface:  from settings cache , name = multi_sim_voice_call , value = null
02-24 01:45:45.818  1617  2036 V SettingsInterface:  from settings cache , name = multi_sim_voice_call , value = null
02-24 01:45:45.818  1617  8339 V SettingsInterface:  from settings cache , name = multi_sim_voice_call , value = null
02-24 01:45:45.820  6331  6354 W PhoneNumberUtil: possibleNationalPrefix = (1[1279]\d{3})|0
02-24 01:45:45.820  6331  6331 D AbsListView: checkAbsListViewlLogProperty get invalid command
02-24 01:45:45.821  1617  1636 V SettingsInterface:  from settings cache , name = multi_sim_voice_call , value = null
02-24 01:45:45.822  1617  1958 V SettingsInterface:  from settings cache , name = multi_sim_voice_call , value = null
02-24 01:45:45.823  6331  6331 D AbsListView: checkAbsListViewlLogProperty get invalid command
02-24 01:45:45.823  1617  1637 V SettingsInterface:  from settings cache , name = multi_sim_voice_call , value = null
02-24 01:45:45.824  6331  6354 W PhoneNumberUtil: possibleNationalPrefix = (1[1279]\d{3})|0
02-24 01:45:45.825  6331  6331 D AbsListView: checkAbsListViewlLogProperty get invalid command
02-24 01:45:45.827  6331  6331 D AbsListView: checkAbsListViewlLogProperty get invalid command
02-24 01:45:45.827  1617  2073 V SettingsInterface:  from settings cache , name = multi_sim_voice_call , value = null
02-24 01:45:45.828  1617  2036 V SettingsInterface:  from settings cache , name = multi_sim_voice_call , value = null
02-24 01:45:45.828  1617  8339 V SettingsInterface:  from settings cache , name = multi_sim_voice_call , value = null
02-24 01:45:45.829  6331  6354 W PhoneNumberUtil: possibleNationalPrefix = (1[1279]\d{3})|0
02-24 01:45:45.831  1617  1636 V SettingsInterface:  from settings cache , name = multi_sim_voice_call , value = null
02-24 01:45:45.832  1617  1958 V SettingsInterface:  from settings cache , name = multi_sim_voice_call , value = null
02-24 01:45:45.833  1617  1637 V SettingsInterface:  from settings cache , name = multi_sim_voice_call , value = null
02-24 01:45:45.834  6331  6354 W PhoneNumberUtil: possibleNationalPrefix = (1[1279]\d{3})|0
02-24 01:45:45.837  1617  2073 V SettingsInterface:  from settings cache , name = multi_sim_voice_call , value = null
02-24 01:45:45.838  1617  2036 V SettingsInterface:  from settings cache , name = multi_sim_voice_call , value = null
02-24 01:45:45.838  1617  8339 V SettingsInterface:  from settings cache , name = multi_sim_voice_call , value = null
02-24 01:45:45.840  6331  6354 W PhoneNumberUtil: possibleNationalPrefix = (1[1279]\d{3})|0
02-24 01:45:45.842  1617  1636 V SettingsInterface:  from settings cache , name = multi_sim_voice_call , value = null
02-24 01:45:45.842  1617  1958 V SettingsInterface:  from settings cache , name = multi_sim_voice_call , value = null
02-24 01:45:45.843  1617  1637 V SettingsInterface:  from settings cache , name = multi_sim_voice_call , value = null
02-24 01:45:45.844  6331  6354 W PhoneNumberUtil: possibleNationalPrefix = (1[1279]\d{3})|0
02-24 01:45:45.847  1617  2073 V SettingsInterface:  from settings cache , name = multi_sim_voice_call , value = null
02-24 01:45:45.848  1617  2036 V SettingsInterface:  from settings cache , name = multi_sim_voice_call , value = null
02-24 01:45:45.849  1617  8339 V SettingsInterface:  from settings cache , name = multi_sim_voice_call , value = null
02-24 01:45:45.850  6331  6354 W PhoneNumberUtil: possibleNationalPrefix = (1[1279]\d{3})|0
02-24 01:45:45.852  1617  1636 V SettingsInterface:  from settings cache , name = multi_sim_voice_call , value = null
02-24 01:45:45.853  1617  1958 V SettingsInterface:  from settings cache , name = multi_sim_voice_call , value = null
02-24 01:45:45.853  1617  1637 V SettingsInterface:  from settings cache , name = multi_sim_voice_call , value = null
02-24 01:45:45.855  6331  6354 W PhoneNumberUtil: possibleNationalPrefix = (1[1279]\d{3})|0
02-24 01:45:45.860  1617  2073 V SettingsInterface:  from settings cache , name = multi_sim_voice_call , value = null
02-24 01:45:45.861  1617  2036 V SettingsInterface:  from settings cache , name = multi_sim_voice_call , value = null
02-24 01:45:45.862  1617  8339 V SettingsInterface:  from settings cache , name = multi_sim_voice_call , value = null
02-24 01:45:45.863  6331  6354 W PhoneNumberUtil: possibleNationalPrefix = (1[1279]\d{3})|0
02-24 01:45:45.865  1617  1636 V SettingsInterface:  from settings cache , name = multi_sim_voice_call , value = null
02-24 01:45:45.866  1617  1958 V SettingsInterface:  from settings cache , name = multi_sim_voice_call , value = null
02-24 01:45:45.867  1617  1637 V SettingsInterface:  from settings cache , name = multi_sim_voice_call , value = null
02-24 01:45:45.869  6331  6354 W PhoneNumberUtil: possibleNationalPrefix = (1[1279]\d{3})|0
02-24 01:45:45.872  1617  2073 V SettingsInterface:  from settings cache , name = multi_sim_voice_call , value = null
02-24 01:45:45.873  1617  2036 V SettingsInterface:  from settings cache , name = multi_sim_voice_call , value = null
02-24 01:45:45.874  1617  8339 V SettingsInterface:  from settings cache , name = multi_sim_voice_call , value = null
02-24 01:45:45.875  6331  6354 W PhoneNumberUtil: possibleNationalPrefix = (1[1279]\d{3})|0
02-24 01:45:45.875  6331  6331 V PhoneWindow: DecorView setVisiblity: visibility = 4 ,Parent =null, this =com.android.internal.policy.impl.PhoneWindow$DecorView{2f79688c I.E..... R.....ID 0,0-0,0}
02-24 01:45:45.877  1617  1636 V SettingsInterface:  from settings cache , name = multi_sim_voice_call , value = null
02-24 01:45:45.877  6331  6331 D ViewRootImpl: hardware acceleration is enabled, this = ViewRoot{169db862 com.android.dialer/com.meizu.mzpresethead.PresetHeadSelectActivity,ident = 2}
02-24 01:45:45.878  1617  1958 V SettingsInterface:  from settings cache , name = multi_sim_voice_call , value = null
02-24 01:45:45.879  1617  1637 V SettingsInterface:  from settings cache , name = multi_sim_voice_call , value = null
02-24 01:45:45.880  6331  6354 W PhoneNumberUtil: possibleNationalPrefix = (1[1279]\d{3})|0
02-24 01:45:45.883  1617  2073 V SettingsInterface:  from settings cache , name = multi_sim_voice_call , value = null
02-24 01:45:45.884  1617  2036 V SettingsInterface:  from settings cache , name = multi_sim_voice_call , value = null
02-24 01:45:45.884  6331  6331 V SettingsInterface:  from settings cache , name = mz_status_bar_tint , value = 1
02-24 01:45:45.884  1617  8339 V SettingsInterface:  from settings cache , name = multi_sim_voice_call , value = null
02-24 01:45:45.884  6331  6331 V PhoneWindow: DecorView setVisiblity: visibility = 0 ,Parent =ViewRoot{169db862 com.android.dialer/com.meizu.mzpresethead.PresetHeadSelectActivity,ident = 2}, this =com.android.internal.policy.impl.PhoneWindow$DecorView{2f79688c V.E..... R.....ID 0,0-0,0}
02-24 01:45:45.886  6331  6354 W PhoneNumberUtil: possibleNationalPrefix = (1[1279]\d{3})|0
02-24 01:45:45.888  1617  1636 V SettingsInterface:  from settings cache , name = multi_sim_voice_call , value = null
02-24 01:45:45.889  1617  1958 V SettingsInterface:  from settings cache , name = multi_sim_voice_call , value = null
02-24 01:45:45.889  6331  6394 D OpenGLRenderer: Flushing caches (mode 0)
02-24 01:45:45.891  1617  1637 V SettingsInterface:  from settings cache , name = multi_sim_voice_call , value = null
02-24 01:45:45.892  6331  6394 D Surface : Surface::disconnect(this=0x7fa7259e00,api=1)
02-24 01:45:45.892  6331  6394 D GraphicBuffer: unregister, handle(0x7fa039bde0) (w:1080 h:1920 s:1088 f:0x1 u:0x000b00)
02-24 01:45:45.893  6331  6394 D GraphicBuffer: unregister, handle(0x7fa03e0c00) (w:1080 h:1920 s:1088 f:0x1 u:0x000b00)
02-24 01:45:45.893  6331  6354 W PhoneNumberUtil: possibleNationalPrefix = (1[1279]\d{3})|0
02-24 01:45:45.893  6331  6394 D GraphicBuffer: unregister, handle(0x7fa03e1560) (w:1080 h:1920 s:1088 f:0x1 u:0x000b00)
02-24 01:45:45.894  6331  6394 D GraphicBuffer: unregister, handle(0x7fa02cdde0) (w:1080 h:1920 s:1088 f:0x1 u:0x000b00)
02-24 01:45:45.895   275   440 D GraphicBuffer: free, handle(0x7f794b4f20) (w:1080 h:1920 s:1088 f:0x1 u:0x000b00)
02-24 01:45:45.896   275   440 D GraphicBuffer: free, handle(0x7f794e1e80) (w:1080 h:1920 s:1088 f:0x1 u:0x000b00)
02-24 01:45:45.897  1617  2073 V SettingsInterface:  from settings cache , name = multi_sim_voice_call , value = null
02-24 01:45:45.898   275   440 D GraphicBuffer: free, handle(0x7f794e1840) (w:1080 h:1920 s:1088 f:0x1 u:0x000b00)
02-24 01:45:45.898   303   937 D AudioSystem: +setParameters(): FM_DIRECT_CONTROL=0 
02-24 01:45:45.898   303   937 I AudioFlinger: setParameters(): io 2, keyvalue FM_DIRECT_CONTROL=0, calling pid 303
02-24 01:45:45.898   303   937 D AudioFlinger_Threads: ThreadBase::setParameters() FM_DIRECT_CONTROL=0
02-24 01:45:45.898   303   937 D AudioFlinger_Threads: sendConfigEvent_l() num events 1 event 2
02-24 01:45:45.899  1617  2036 V SettingsInterface:  from settings cache , name = multi_sim_voice_call , value = null
02-24 01:45:45.900  1617  8339 V SettingsInterface:  from settings cache , name = multi_sim_voice_call , value = null
02-24 01:45:45.900  6331  6394 D OpenGLRenderer: Flushing caches (mode 0)
02-24 01:45:45.900   303   942 D AudioFlinger_Threads: processConfigEvents_l() remaining events 1
02-24 01:45:45.901   303   942 D AudioALSAStreamOut: +setParameters(): FM_DIRECT_CONTROL=0
02-24 01:45:45.901   303   942 D AudioALSAStreamOut: -setParameters(): FM_DIRECT_CONTROL=0 
02-24 01:45:45.901   303   937 D AudioSystem: -setParameters(): FM_DIRECT_CONTROL=0 
02-24 01:45:45.902  6331  6354 W PhoneNumberUtil: possibleNationalPrefix = (1[1279]\d{3})|0
02-24 01:45:45.904  1617  1636 V SettingsInterface:  from settings cache , name = multi_sim_voice_call , value = null
02-24 01:45:45.906  1617  1958 V SettingsInterface:  from settings cache , name = multi_sim_voice_call , value = null
02-24 01:45:45.907  1617  1637 V SettingsInterface:  from settings cache , name = multi_sim_voice_call , value = null
02-24 01:45:45.907   834   988 D PerfServiceManager: [PerfService] MESSAGE_TIMER_TOUCH_BOOST_DURATION 
02-24 01:45:45.907   834   988 I libPerfService: 7: set: 6
02-24 01:45:45.907   834   988 I libPerfService: 7: set freq: 1300000
02-24 01:45:45.907   834   988 I libPerfService: 7: set freq max: 0
02-24 01:45:45.908  6331  6354 W PhoneNumberUtil: possibleNationalPrefix = (1[1279]\d{3})|0
02-24 01:45:45.912  1617  2073 V SettingsInterface:  from settings cache , name = multi_sim_voice_call , value = null
02-24 01:45:45.913  1617  2036 V SettingsInterface:  from settings cache , name = multi_sim_voice_call , value = null
02-24 01:45:45.913  1617  8339 V SettingsInterface:  from settings cache , name = multi_sim_voice_call , value = null
02-24 01:45:45.915  6331  6354 W PhoneNumberUtil: possibleNationalPrefix = (1[1279]\d{3})|0
02-24 01:45:45.916  1617  1636 V SettingsInterface:  from settings cache , name = multi_sim_voice_call , value = null
02-24 01:45:45.917  1617  1958 V SettingsInterface:  from settings cache , name = multi_sim_voice_call , value = null
02-24 01:45:45.918  1617  1637 V SettingsInterface:  from settings cache , name = multi_sim_voice_call , value = null
02-24 01:45:45.919  6331  6354 W PhoneNumberUtil: possibleNationalPrefix = (1[1279]\d{3})|0
02-24 01:45:45.922  1617  2073 V SettingsInterface:  from settings cache , name = multi_sim_voice_call , value = null
02-24 01:45:45.923  1617  2036 V SettingsInterface:  from settings cache , name = multi_sim_voice_call , value = null
02-24 01:45:45.924  1617  8339 V SettingsInterface:  from settings cache , name = multi_sim_voice_call , value = null
02-24 01:45:45.925  6331  6331 W PerfScheduler: Cann't find the BigLittleArchitecture in boost-perf.conf
02-24 01:45:45.925  6331  6331 W PerfScheduler: Normal Architecture!
02-24 01:45:45.925  6331  6354 W PhoneNumberUtil: possibleNationalPrefix = (1[1279]\d{3})|0
02-24 01:45:45.927  1617  1636 V SettingsInterface:  from settings cache , name = multi_sim_voice_call , value = null
02-24 01:45:45.927  1617  1958 V SettingsInterface:  from settings cache , name = multi_sim_voice_call , value = null
02-24 01:45:45.928  1617  1637 V SettingsInterface:  from settings cache , name = multi_sim_voice_call , value = null
02-24 01:45:45.930  6331  6354 W PhoneNumberUtil: possibleNationalPrefix = (1[1279]\d{3})|0
02-24 01:45:45.933   834   988 D PerfServiceManager: [PerfService] MESSAGE_USER_ENABLE_TIMEOUT_MS: -1, 1000 
02-24 01:45:45.934  6331  6331 W ResourceType: No known package when getting value for resource number 0xffffffff
02-24 01:45:45.934  1617  2073 V SettingsInterface:  from settings cache , name = multi_sim_voice_call , value = null
02-24 01:45:45.935  1617  2036 V SettingsInterface:  from settings cache , name = multi_sim_voice_call , value = null
02-24 01:45:45.936  1617  8339 V SettingsInterface:  from settings cache , name = multi_sim_voice_call , value = null
02-24 01:45:45.937  6331  6354 W PhoneNumberUtil: possibleNationalPrefix = (1[1279]\d{3})|0
02-24 01:45:45.948  6331  6331 I AssetManager: AM res not found  getResourceValue id = ffffffff caller = android.content.res.Resources.getValue:1486 android.content.res.Resources.getDrawable:918 android.content.Context.getDrawable:418 android.support.v4.content.b.a:26 android.support.v4.content.a.a:321 com.meizu.a.a.a.a.a:39 
02-24 01:45:45.948  1617  1636 V SettingsInterface:  from settings cache , name = multi_sim_voice_call , value = null
02-24 01:45:45.949  1617  1958 V SettingsInterface:  from settings cache , name = multi_sim_voice_call , value = null
02-24 01:45:45.950  6331  6331 D AndroidRuntime: Shutting down VM
02-24 01:45:45.950  1617  1637 V SettingsInterface:  from settings cache , name = multi_sim_voice_call , value = null
02-24 01:45:45.951  6331  6331 E AndroidRuntime: FATAL EXCEPTION: main
02-24 01:45:45.951  6331  6331 E AndroidRuntime: Process: com.android.dialer, PID: 6331
02-24 01:45:45.951  6331  6331 E AndroidRuntime: android.content.res.Resources$NotFoundException: Resource ID #0xffffffff
02-24 01:45:45.951  6331  6331 E AndroidRuntime: 	at android.content.res.Resources.getValue(Resources.java:1490)
02-24 01:45:45.951  6331  6331 E AndroidRuntime: 	at android.content.res.Resources.getDrawable(Resources.java:918)
02-24 01:45:45.951  6331  6331 E AndroidRuntime: 	at android.content.Context.getDrawable(Context.java:418)
02-24 01:45:45.951  6331  6331 E AndroidRuntime: 	at android.support.v4.content.b.a(SourceFile:26)
02-24 01:45:45.951  6331  6331 E AndroidRuntime: 	at android.support.v4.content.a.a(SourceFile:321)
02-24 01:45:45.951  6331  6331 E AndroidRuntime: 	at com.meizu.a.a.a.a.a(SourceFile:39)
02-24 01:45:45.951  6331  6331 E AndroidRuntime: 	at com.meizu.mzpresethead.b.f$c.a(SourceFile:132)
02-24 01:45:45.951  6331  6331 E AndroidRuntime: 	at com.meizu.mzpresethead.a.a$a.getView(SourceFile:132)
02-24 01:45:45.951  6331  6331 E AndroidRuntime: 	at android.widget.AbsListView.obtainView(AbsListView.java:2563)
02-24 01:45:45.951  6331  6331 E AndroidRuntime: 	at android.widget.GridView.onMeasure(GridView.java:1065)
02-24 01:45:45.951  6331  6331 E AndroidRuntime: 	at android.view.View.measure(View.java:18026)
02-24 01:45:45.951  6331  6331 E AndroidRuntime: 	at flyme.support.v4.view.ViewPager.onMeasure(SourceFile:1752)
02-24 01:45:45.951  6331  6331 E AndroidRuntime: 	at android.view.View.measure(View.java:18026)
02-24 01:45:45.951  6331  6331 E AndroidRuntime: 	at android.view.ViewGroup.measureChildWithMargins(ViewGroup.java:5702)
02-24 01:45:45.951  6331  6331 E AndroidRuntime: 	at android.widget.LinearLayout.measureChildBeforeLayout(LinearLayout.java:1692)
02-24 01:45:45.951  6331  6331 E AndroidRuntime: 	at android.widget.LinearLayout.measureVertical(LinearLayout.java:760)
02-24 01:45:45.951  6331  6331 E AndroidRuntime: 	at android.widget.LinearLayout.onMeasure(LinearLayout.java:629)
02-24 01:45:45.951  6331  6331 E AndroidRuntime: 	at android.view.View.measure(View.java:18026)
02-24 01:45:45.951  6331  6331 E AndroidRuntime: 	at android.widget.RelativeLayout.measureChildHorizontal(RelativeLayout.java:846)
02-24 01:45:45.951  6331  6331 E AndroidRuntime: 	at android.widget.RelativeLayout.onMeasure(RelativeLayout.java:512)
02-24 01:45:45.951  6331  6331 E AndroidRuntime: 	at android.view.View.measure(View.java:18026)
02-24 01:45:45.951  6331  6331 E AndroidRuntime: 	at android.view.ViewGroup.measureChildWithMargins(ViewGroup.java:5702)
02-24 01:45:45.951  6331  6331 E AndroidRuntime: 	at android.widget.FrameLayout.onMeasure(FrameLayout.java:465)
02-24 01:45:45.951  6331  6331 E AndroidRuntime: 	at android.view.View.measure(View.java:18026)
02-24 01:45:45.951  6331  6331 E AndroidRuntime: 	at android.view.ViewGroup.measureChildWithMargins(ViewGroup.java:5702)
02-24 01:45:45.951  6331  6331 E AndroidRuntime: 	at android.widget.FrameLayout.onMeasure(FrameLayout.java:465)
02-24 01:45:45.951  6331  6331 E AndroidRuntime: 	at android.support.v7.widget.ContentFrameLayout.onMeasure(SourceFile:135)
02-24 01:45:45.951  6331  6331 E AndroidRuntime: 	at android.view.View.measure(View.java:18026)
02-24 01:45:45.951  6331  6331 E AndroidRuntime: 	at android.view.ViewGroup.measureChildWithMargins(ViewGroup.java:5702)
02-24 01:45:45.951  6331  6331 E AndroidRuntime: 	at flyme.support.v7.widget.ActionBarOverlayLayout.onMeasure(SourceFile:521)
02-24 01:45:45.951  6331  6331 E AndroidRuntime: 	at android.view.View.measure(View.java:18026)
02-24 01:45:45.951  6331  6331 E AndroidRuntime: 	at android.view.ViewGroup.measureChildWithMargins(ViewGroup.java:5702)
02-24 01:45:45.951  6331  6331 E AndroidRuntime: 	at android.widget.FrameLayout.onMeasure(FrameLayout.java:465)
02-24 01:45:45.951  6331  6331 E AndroidRuntime: 	at android.view.View.measure(View.java:18026)
02-24 01:45:45.951  6331  6331 E AndroidRuntime: 	at android.view.ViewGroup.measureChildWithMargins(ViewGroup.java:5702)
02-24 01:45:45.951  6331  6331 E AndroidRuntime: 	at android.widget.FrameLayout.onMeasure(FrameLayout.java:465)
02-24 01:45:45.951  6331  6331 E AndroidRuntime: 	at android.view.View.measure(View.java:18026)
02-24 01:45:45.951  6331  6331 E AndroidRuntime: 	at android.view.ViewGroup.measureChildWithMargins(ViewGroup.java:5702)
02-24 01:45:45.951  6331  6331 E AndroidRuntime: 	at android.widget.FrameLayout.onMeasure(FrameLayout.java:465)
02-24 01:45:45.951  6331  6331 E AndroidRuntime: 	at com.android.internal.policy.impl.PhoneWindow$DecorView.onMeasure(PhoneWindow.java:2788)
02-24 01:45:45.951  6331  6331 E AndroidRuntime: 	at android.view.View.measure(View.java:18026)
02-24 01:45:45.951  6331  6331 E AndroidRuntime: 	at android.view.ViewRootImpl.performMeasure(ViewRootImpl.java:2459)
02-24 01:45:45.951  6331  6331 E AndroidRuntime: 	at android.view.ViewRootImpl.measureHierarchy(ViewRootImpl.java:1441)
02-24 01:45:45.951  6331  6331 E AndroidRuntime: 	at android.view.ViewRootImpl.performTraversals(ViewRootImpl.java:1676)
02-24 01:45:45.951  6331  6331 E AndroidRuntime: 	at android.view.ViewRootImpl.doTraversal(ViewRootImpl.java:1319)
02-24 01:45:45.951  6331  6331 E AndroidRuntime: 	at android.view.ViewRootImpl$TraversalRunnable.run(ViewRootImpl.java:6678)
02-24 01:45:45.951  6331  6331 E AndroidRuntime: 	at android.view.Choreographer$CallbackRecord.run(Choreographer.java:800)
02-24 01:45:45.951  6331  6331 E AndroidRuntime: 	at android.view.Choreographer.doCallbacks(Choreographer.java:603)
02-24 01:45:45.951  6331  6331 E AndroidRuntime: 	at android.view.Choreographer.doFrame(Choreographer.java:572)
02-24 01:45:45.951  6331  6331 E AndroidRuntime: 	at android.view.Choreographer$FrameDisplayEventReceiver.run(Choreographer.java:786)
02-24 01:45:45.951  6331  6331 E AndroidRuntime: 	at android.os.Handler.handleCallback(Handler.java:815)
02-24 01:45:45.951  6331  6331 E AndroidRuntime: 	at android.os.Handler.dispatchMessage(Handler.java:104)
02-24 01:45:45.951  6331  6331 E AndroidRuntime: 	at android.os.Looper.loop(Looper.java:194)
02-24 01:45:45.951  6331  6331 E AndroidRuntime: 	at android.app.ActivityThread.main(ActivityThread.java:5869)
02-24 01:45:45.951  6331  6331 E AndroidRuntime: 	at java.lang.reflect.Method.invoke(Native Method)
02-24 01:45:45.951  6331  6331 E AndroidRuntime: 	at java.lang.reflect.Method.invoke(Method.java:372)
02-24 01:45:45.951  6331  6331 E AndroidRuntime: 	at com.android.internal.os.ZygoteInit$MethodAndArgsCaller.run(ZygoteInit.java:1020)
02-24 01:45:45.951  6331  6331 E AndroidRuntime: 	at com.android.internal.os.ZygoteInit.main(ZygoteInit.java:815)
02-24 01:45:45.952  6331  6354 W PhoneNumberUtil: possibleNationalPrefix = (1[1279]\d{3})|0
02-24 01:45:45.957  1617  2073 V SettingsInterface:  from settings cache , name = multi_sim_voice_call , value = null
02-24 01:45:45.958  1617  2036 V SettingsInterface:  from settings cache , name = multi_sim_voice_call , value = null
02-24 01:45:45.959  1617  8339 V SettingsInterface:  from settings cache , name = multi_sim_voice_call , value = null
02-24 01:45:45.961   834  1593 V SettingsInterface:  from settings cache , name = dropbox:system_app_crash , value = null
02-24 01:45:45.961  6331  6354 W PhoneNumberUtil: possibleNationalPrefix = (1[1279]\d{3})|0
02-24 01:45:45.964  1617  1636 V SettingsInterface:  from settings cache , name = multi_sim_voice_call , value = null
02-24 01:45:45.965  1617  1958 V SettingsInterface:  from settings cache , name = multi_sim_voice_call , value = null
02-24 01:45:45.965  1617  1637 V SettingsInterface:  from settings cache , name = multi_sim_voice_call , value = null
02-24 01:45:45.967  6331  6354 W PhoneNumberUtil: possibleNationalPrefix = (1[1279]\d{3})|0
02-24 01:45:45.971  1617  2073 V SettingsInterface:  from settings cache , name = multi_sim_voice_call , value = null
02-24 01:45:45.972  1617  2036 V SettingsInterface:  from settings cache , name = multi_sim_voice_call , value = null
02-24 01:45:45.973  1617  8339 V SettingsInterface:  from settings cache , name = multi_sim_voice_call , value = null
02-24 01:45:45.974  6331  6354 W PhoneNumberUtil: possibleNationalPrefix = (1[1279]\d{3})|0
02-24 01:45:45.976  1617  1636 V SettingsInterface:  from settings cache , name = multi_sim_voice_call , value = null
02-24 01:45:45.977  1617  1958 V SettingsInterface:  from settings cache , name = multi_sim_voice_call , value = null
02-24 01:45:45.978  1617  1637 V SettingsInterface:  from settings cache , name = multi_sim_voice_call , value = null
02-24 01:45:45.979  6331  6354 W PhoneNumberUtil: possibleNationalPrefix = (1[1279]\d{3})|0
02-24 01:45:45.983  1617  2073 V SettingsInterface:  from settings cache , name = multi_sim_voice_call , value = null
02-24 01:45:45.984  1617  2036 V SettingsInterface:  from settings cache , name = multi_sim_voice_call , value = null
02-24 01:45:45.984  1617  8339 V SettingsInterface:  from settings cache , name = multi_sim_voice_call , value = null
02-24 01:45:46.030   834   988 D PerfServiceManager: [PerfService] MESSAGE_TIMER_SCN_USER_BASE:78 
02-24 01:45:46.030   834   988 I libPerfService: 14: set: 3
02-24 01:45:46.030   834   988 I libPerfService: 14: set freq: 1235000
02-24 01:45:46.030   834   988 I libPerfService: 14: set freq max: 0
02-24 01:45:46.030   834   988 I libPerfService: 14: set gpu level: 0


=====================================
logcat -t 300 -v threadtime -b system
02-24 01:45:31.051   834   969 D CSLegacyTypeTracker: getNetworkForType type 38
02-24 01:45:31.051   834   969 D CSLegacyTypeTracker: getNetworkForType type 40
02-24 01:45:31.051   834   969 D CSLegacyTypeTracker: getNetworkForType type 41
02-24 01:45:31.051   834   969 D CSLegacyTypeTracker: getNetworkForType type 49
02-24 01:45:31.963   298   765 D FrameworkListener: dispatchCommand data = (getaddrinfo helpwhitetile21.ksmobile.com 80 0 0 1 0 0)
02-24 01:45:32.257   834  1359 W Watchdog: SWT Watchdog after wait current time:38007068
02-24 01:45:32.258   834  1359 W Watchdog: **Get SF Time **1
02-24 01:45:32.258   834  1359 W Watchdog: SWT Watchdog before synchronized:38007069
02-24 01:45:32.258   834  1359 W Watchdog: SWT Watchdog after synchronized:38007069
02-24 01:45:32.258   834  1359 W Watchdog: SWT Watchdog before wait timeout:30000
02-24 01:45:32.258   834  1359 W Watchdog: SWT Watchdog before wait current time:38007069
02-24 01:45:32.258   834  1359 W Watchdog: SWT Watchdog before wait start:38007069
02-24 01:45:32.258   834  1359 W Watchdog: SWT Watchdog before wait CHECK_INTERVAL:30000
02-24 01:45:33.246   834  1525 D BatteryStatsImpl: app: 10011 paused
02-24 01:45:33.264   834  9692 D BatteryStatsImpl: app: 10008 resumed
02-24 01:45:33.324   834  9692 V WindowManager: Changing focus from Window{12125fbc u0 com.meizu.media.gallery/com.meizu.media.gallery.AlbumManagerActivity} to null Callers=com.android.server.wm.WindowManagerService.setFocusedApp:4600 com.android.server.am.ActivityManagerService.setFocusedActivityLocked:2957 com.android.server.am.ActivityStack.completeResumeLocked:1237 com.android.server.am.ActivityStack.resumeTopActivityInnerLocked:2315 
02-24 01:45:33.327   834   882 I WindowManager: Losing focus: Window{12125fbc u0 com.meizu.media.gallery/com.meizu.media.gallery.AlbumManagerActivity}
02-24 01:45:33.347   834   877 D NetworkPolicy: rule3gBackgroundChanged 10008 false
02-24 01:45:33.347   834   877 D NetworkPolicy: ruleWifiBackgroundChanged 10008 false
02-24 01:45:33.347   834   877 V NetworkStats: setKernelCounterSet uid=10008 set=1
02-24 01:45:33.348   834   966 D ConnectivityService: onUidRulesChanged(uid=10008, uidRules=0)
02-24 01:45:33.355   834   877 D NetworkPolicy: rule3gBackgroundChanged 10051 false
02-24 01:45:33.355   834   877 D NetworkPolicy: ruleWifiBackgroundChanged 10051 false
02-24 01:45:33.355   834   877 V NetworkStats: setKernelCounterSet uid=10051 set=0
02-24 01:45:33.356   834   966 D ConnectivityService: onUidRulesChanged(uid=10051, uidRules=0)
02-24 01:45:33.374   834  1664 V WindowManager: Changing focus from null to Window{2dc82091 u0 com.android.email/com.android.email.activity.setup.OAuthAuthenticationActivity} Callers=com.android.server.wm.WindowManagerService.relayoutWindow:3705 com.android.server.wm.Session.relayout:203 android.view.IWindowSession$Stub.onTransact:273 com.android.server.wm.Session.onTransact:136 
02-24 01:45:33.386   834   882 I WindowManager: Gaining focus: Window{2dc82091 u0 com.android.email/com.android.email.activity.setup.OAuthAuthenticationActivity}
02-24 01:45:33.978   834   877 D NetworkPolicy: rule3gBackgroundChanged 10007 false
02-24 01:45:33.978   834   877 D NetworkPolicy: ruleWifiBackgroundChanged 10007 false
02-24 01:45:33.978   834   877 V NetworkStats: setKernelCounterSet uid=10007 set=0
02-24 01:45:33.978   834   966 D ConnectivityService: onUidRulesChanged(uid=10007, uidRules=0)
02-24 01:45:33.989   834  1456 D ActivityManager: getContentProviderImpl: from caller=android.app.ApplicationThreadProxy@2fc746bd (pid=6042, userId=0) to get content provider media cpr=ContentProviderRecord{1b8b72bf u0 com.android.providers.media/.MediaProvider}
02-24 01:45:33.989   834  1456 D ActivityManager: getContentProviderImpl: updateLruProcessLocked cpr.proc=ProcessRecord{28b66947 5176:android.process.media/u0a7}
02-24 01:45:33.991   834  1592 D ActivityManager: getContentProviderImpl: from caller=android.app.ApplicationThreadProxy@294e4b2 (pid=6042, userId=0) to get content provider media cpr=ContentProviderRecord{1b8b72bf u0 com.android.providers.media/.MediaProvider}
02-24 01:45:33.992   834   877 D NetworkPolicy: rule3gBackgroundChanged 10007 false
02-24 01:45:33.992   834   877 D NetworkPolicy: ruleWifiBackgroundChanged 10007 false
02-24 01:45:33.992   834   877 V NetworkStats: setKernelCounterSet uid=10007 set=1
02-24 01:45:33.992   834   966 D ConnectivityService: onUidRulesChanged(uid=10007, uidRules=0)
02-24 01:45:34.009   834   877 D NetworkPolicy: rule3gBackgroundChanged 10007 false
02-24 01:45:34.009   834   877 D NetworkPolicy: ruleWifiBackgroundChanged 10007 false
02-24 01:45:34.009   834   877 V NetworkStats: setKernelCounterSet uid=10007 set=0
02-24 01:45:34.009   834   966 D ConnectivityService: onUidRulesChanged(uid=10007, uidRules=0)
02-24 01:45:34.080   834   882 D ActivityManager: ACT-IDLE_NOW_MSG from windowsVisible() for idle: ActivityRecord{17e11815 u0 com.android.email/.activity.setup.OAuthAuthenticationActivity t375}
02-24 01:45:34.091   834   877 D NetworkPolicy: rule3gBackgroundChanged 10011 false
02-24 01:45:34.091   834   877 D NetworkPolicy: ruleWifiBackgroundChanged 10011 false
02-24 01:45:34.091   834   877 V NetworkStats: setKernelCounterSet uid=10011 set=0
02-24 01:45:34.091   834   966 D ConnectivityService: onUidRulesChanged(uid=10011, uidRules=0)
02-24 01:45:34.198   834   969 D BatteryStatsImpl: app: 10008 paused
02-24 01:45:34.217   834   853 D BatteryStatsImpl: app: 10008 resumed
02-24 01:45:34.247   834   854 V WindowManager: Changing focus from Window{2dc82091 u0 com.android.email/com.android.email.activity.setup.OAuthAuthenticationActivity} to Window{36c34218 u0 com.android.email/com.android.email.activity.setup.AccountSetupSelectActivity} Callers=com.android.server.wm.WindowManagerService.relayoutWindow:3705 com.android.server.wm.Session.relayout:203 android.view.IWindowSession$Stub.onTransact:273 com.android.server.wm.Session.onTransact:136 
