02-24 01:45:39.863   834  1594 I am_create_activity: [0,723861680,375,com.android.email/.activity.setup.OAuthAuthenticationActivity,NULL,NULL,NULL,0]
02-24 01:45:39.864   834  1594 I am_pause_activity: [0,986860037,com.android.email/.activity.setup.AccountSetupSelectActivity]
02-24 01:45:39.869   834  1594 I am_home_stack_moved: [0,0,1,1,startedActivity setFocusedActivity]
02-24 01:45:39.872   834  1594 I am_focused_activity: [0,com.android.email/.activity.setup.OAuthAuthenticationActivity]
02-24 01:45:39.876  4415  4415 I am_on_paused_called: [0,com.android.email.activity.setup.AccountSetupSelectActivity]
02-24 01:45:39.879   834  1547 I am_restart_activity: [0,723861680,375,com.android.email/.activity.setup.OAuthAuthenticationActivity]
02-24 01:45:39.885   834  1547 I am_home_stack_moved: [0,0,1,1,completeResume setFocusedActivity]
02-24 01:45:39.887   834  1547 I am_focused_activity: [0,com.android.email/.activity.setup.OAuthAuthenticationActivity]
02-24 01:45:39.925  4415  4415 I am_on_resume_called: [0,com.android.email.activity.setup.OAuthAuthenticationActivity]
02-24 01:45:40.000   834   882 I am_activity_launch_time: [0,723861680,com.android.email/.activity.setup.OAuthAuthenticationActivity,124,124]
02-24 01:45:40.261   275   275 I sf_frame_dur: [com.android.email/com.android.email.activity.setup.AccountSetupSelectActivity,6,0,0,0,1,1,0]
02-24 01:45:40.624   834   880 I am_home_stack_moved: [0,1,0,0,intentActivityFound]
02-24 01:45:40.624   834   880 I wm_task_moved: [23,1,0]
02-24 01:45:40.638   834   880 I am_home_stack_moved: [0,1,0,0,bringingFoundTaskToFront]
02-24 01:45:40.638   834   880 I wm_task_moved: [23,1,0]
02-24 01:45:40.679   834   880 I am_pause_activity: [0,723861680,com.android.email/.activity.setup.OAuthAuthenticationActivity]
02-24 01:45:40.682   834   880 I am_task_to_front: [0,23]
02-24 01:45:40.682   834   880 I am_new_intent: [0,183060065,23,com.meizu.flyme.launcher/.Launcher,android.intent.action.MAIN,NULL,NULL,274726912]
02-24 01:45:40.683  4415  4415 I am_on_paused_called: [0,com.android.email.activity.setup.OAuthAuthenticationActivity]
02-24 01:45:40.687   834  1593 I am_resume_activity: [0,956411201,23,com.meizu.flyme.launcher/.Launcher]
02-24 01:45:40.691   834  1593 I am_home_stack_moved: [0,1,0,0,completeResume setFocusedActivity]
02-24 01:45:40.701   834  1593 I am_focused_activity: [0,com.meizu.flyme.launcher/.Launcher]
02-24 01:45:40.739 29763 29763 I am_on_resume_called: [0,com.meizu.flyme.launcher.Launcher]
02-24 01:45:40.944   834  1088 I am_home_stack_moved: [0,0,1,1,intentActivityFound]
02-24 01:45:40.944   834  1088 I wm_task_moved: [375,1,53]
02-24 01:45:40.948   834  1088 I am_home_stack_moved: [0,0,1,1,bringingFoundTaskToFront]
02-24 01:45:40.948   834  1088 I wm_task_moved: [54,1,53]
02-24 01:45:40.953   834  1088 I am_pause_activity: [0,956411201,com.meizu.flyme.launcher/.Launcher]
02-24 01:45:40.955   834  1088 I am_task_to_front: [0,54]
02-24 01:45:41.100 29763 29763 I am_on_paused_called: [0,com.meizu.flyme.launcher.Launcher]
02-24 01:45:41.307   834   853 I am_proc_start: [0,6331,10006,com.android.dialer,activity,com.android.dialer/com.android.contacts.quickcontact.QuickContactActivity]
02-24 01:45:41.406   834  1616 I am_proc_bound: [0,6331,com.android.dialer]
02-24 01:45:41.414   834  1616 I am_restart_activity: [0,668570987,54,com.android.dialer/com.android.contacts.quickcontact.QuickContactActivity]
02-24 01:45:41.419   834  1616 I am_home_stack_moved: [0,0,1,1,completeResume setFocusedActivity]
02-24 01:45:41.452   834  1616 I am_focused_activity: [0,com.android.dialer/com.android.contacts.quickcontact.QuickContactActivity]
02-24 01:45:41.521   275   275 I sf_frame_dur: [com.android.email/com.android.email.activity.setup.OAuthAuthenticationActivity,1,2,0,0,0,0,0]
02-24 01:45:41.953   275   275 I sf_frame_dur: [com.meizu.flyme.launcher/com.meizu.flyme.launcher.Launcher,0,1,0,0,0,0,0]
02-24 01:45:42.630   834  1664 I am_proc_start: [0,6367,10004,android.process.acore,content provider,com.android.providers.contacts/.ContactsProvider2]
02-24 01:45:42.676   834  1393 I am_proc_start: [0,6388,10023,com.android.soundrecorder,content provider,com.android.soundrecorder/.FileInfoContentProvider]
02-24 01:45:42.676   834   854 I am_proc_bound: [0,6367,android.process.acore]
02-24 01:45:42.676  6331  6331 I am_on_resume_called: [0,com.android.contacts.quickcontact.QuickContactActivity]
02-24 01:45:42.703   834  1593 I am_proc_bound: [0,6388,com.android.soundrecorder]
02-24 01:45:43.044   834   882 I am_activity_launch_time: [0,668570987,com.android.dialer/com.android.contacts.quickcontact.QuickContactActivity,1909,1909]
02-24 01:45:43.973   834  1664 I am_home_stack_moved: [0,0,1,1,sourceStackToFront]
02-24 01:45:43.973   834  1664 I wm_task_moved: [54,1,53]
02-24 01:45:43.978   834  1664 I am_create_activity: [0,455696118,54,com.android.dialer/com.android.contacts.quickcontact.QuickContactPhotoDetailActivity,NULL,NULL,NULL,0]
02-24 01:45:43.979   834  1664 I am_pause_activity: [0,668570987,com.android.dialer/com.android.contacts.quickcontact.QuickContactActivity]
02-24 01:45:43.983   834  1664 I am_home_stack_moved: [0,0,1,1,startedActivity setFocusedActivity]
02-24 01:45:43.996   834  1664 I am_focused_activity: [0,com.android.dialer/com.android.contacts.quickcontact.QuickContactPhotoDetailActivity]
02-24 01:45:44.281  6331  6331 I am_on_paused_called: [0,com.android.contacts.quickcontact.QuickContactActivity]
02-24 01:45:44.284   834  1088 I am_restart_activity: [0,455696118,54,com.android.dialer/com.android.contacts.quickcontact.QuickContactPhotoDetailActivity]
02-24 01:45:44.289   834  1088 I am_home_stack_moved: [0,0,1,1,completeResume setFocusedActivity]
02-24 01:45:44.289   834  1088 I am_focused_activity: [0,com.android.dialer/com.android.contacts.quickcontact.QuickContactPhotoDetailActivity]
02-24 01:45:44.756  6331  6331 I am_on_resume_called: [0,com.android.contacts.quickcontact.QuickContactPhotoDetailActivity]
02-24 01:45:45.123   834   882 I am_activity_launch_time: [0,455696118,com.android.dialer/com.android.contacts.quickcontact.QuickContactPhotoDetailActivity,841,841]
02-24 01:45:45.515   834  1569 I am_home_stack_moved: [0,0,1,1,sourceStackToFront]
02-24 01:45:45.515   834  1569 I wm_task_moved: [54,1,53]
02-24 01:45:45.520   834  1569 I am_create_activity: [0,436868048,54,com.android.dialer/com.meizu.mzpresethead.PresetHeadSelectActivity,NULL,NULL,NULL,0]
02-24 01:45:45.521   834  1569 I am_pause_activity: [0,455696118,com.android.dialer/com.android.contacts.quickcontact.QuickContactPhotoDetailActivity]
02-24 01:45:45.524   834  1569 I am_home_stack_moved: [0,0,1,1,startedActivity setFocusedActivity]
02-24 01:45:45.526   834  1569 I am_focused_activity: [0,com.android.dialer/com.meizu.mzpresethead.PresetHeadSelectActivity]
02-24 01:45:45.530  6331  6331 I am_on_paused_called: [0,com.android.contacts.quickcontact.QuickContactPhotoDetailActivity]
02-24 01:45:45.532   834  1456 I am_restart_activity: [0,436868048,54,com.android.dialer/com.meizu.mzpresethead.PresetHeadSelectActivity]
02-24 01:45:45.537   834  1456 I am_home_stack_moved: [0,0,1,1,completeResume setFocusedActivity]
02-24 01:45:45.537   834  1456 I am_focused_activity: [0,com.android.dialer/com.meizu.mzpresethead.PresetHeadSelectActivity]
02-24 01:45:45.875  6331  6331 I am_on_resume_called: [0,com.meizu.mzpresethead.PresetHeadSelectActivity]
02-24 01:45:45.953   834  1593 I am_crash: [6331,0,com.android.dialer,1086963269,android.content.res.Resources$NotFoundException,Resource ID #0xffffffff,Resources.java,1490]
02-24 01:45:45.999   834  1593 I am_kill : [0,6331,com.android.dialer,0,crash]
02-24 01:45:46.141   834  1594 I am_proc_died: [0,6331,com.android.dialer]
02-24 01:45:46.152   834  1594 I am_finish_activity: [0,436868048,54,com.android.dialer/com.meizu.mzpresethead.PresetHeadSelectActivity,proc died without state saved]
02-24 01:45:46.166   834  1594 I am_finish_activity: [0,455696118,54,com.android.dialer/com.android.contacts.quickcontact.QuickContactPhotoDetailActivity,proc died without state saved]
02-24 01:45:46.226   834  1594 I am_proc_start: [0,6469,10006,com.android.dialer,activity,com.android.dialer/com.android.contacts.quickcontact.QuickContactActivity]
02-24 01:45:46.244   834   853 I am_proc_bound: [0,6469,com.android.dialer]
02-24 01:45:46.248   834   853 I am_restart_activity: [0,668570987,54,com.android.dialer/com.android.contacts.quickcontact.QuickContactActivity]
02-24 01:45:46.257   834   853 I am_home_stack_moved: [0,0,1,1,completeResume setFocusedActivity]
02-24 01:45:46.259   834   853 I am_focused_activity: [0,com.android.dialer/com.android.contacts.quickcontact.QuickContactActivity]
02-24 01:45:46.271   275   275 I sf_frame_dur: [com.android.dialer/com.android.contacts.quickcontact.QuickContactActivity,0,0,2,2,1,2,0]
02-24 01:45:46.271   275   275 I sf_frame_dur: [com.android.dialer/com.android.contacts.quickcontact.QuickContactPhotoDetailActivity,9,2,2,0,0,0,0]
